Component: ARM Compiler 5.05 update 1 (build 106) Tool: armlink [4d0efa]

==============================================================================

Section Cross References

    startup_stm32f10x_md.o(RESET) refers to startup_stm32f10x_md.o(STACK) for __initial_sp
    startup_stm32f10x_md.o(RESET) refers to startup_stm32f10x_md.o(.text) for Reset_Handler
    startup_stm32f10x_md.o(RESET) refers to stm32f10x_it.o(i.NMI_Handler) for NMI_Handler
    startup_stm32f10x_md.o(RESET) refers to stm32f10x_it.o(i.HardFault_Handler) for HardFault_Handler
    startup_stm32f10x_md.o(RESET) refers to stm32f10x_it.o(i.MemManage_Handler) for MemManage_Handler
    startup_stm32f10x_md.o(RESET) refers to stm32f10x_it.o(i.BusFault_Handler) for BusFault_Handler
    startup_stm32f10x_md.o(RESET) refers to stm32f10x_it.o(i.UsageFault_Handler) for UsageFault_Handler
    startup_stm32f10x_md.o(RESET) refers to stm32f10x_it.o(i.SVC_Handler) for SVC_Handler
    startup_stm32f10x_md.o(RESET) refers to stm32f10x_it.o(i.DebugMon_Handler) for DebugMon_Handler
    startup_stm32f10x_md.o(RESET) refers to stm32f10x_it.o(i.PendSV_Handler) for PendSV_Handler
    startup_stm32f10x_md.o(RESET) refers to stm32f10x_it.o(i.SysTick_Handler) for SysTick_Handler
    startup_stm32f10x_md.o(RESET) refers to bsp_servo.o(i.TIM2_IRQHandler) for TIM2_IRQHandler
    startup_stm32f10x_md.o(.text) refers to system_stm32f10x.o(i.SystemInit) for SystemInit
    startup_stm32f10x_md.o(.text) refers to entry.o(.ARM.Collect$$$$00000000) for __main
    system_stm32f10x.o(i.SetSysClock) refers to system_stm32f10x.o(i.SetSysClockTo72) for SetSysClockTo72
    system_stm32f10x.o(i.SystemCoreClockUpdate) refers to system_stm32f10x.o(.data) for SystemCoreClock
    system_stm32f10x.o(i.SystemInit) refers to system_stm32f10x.o(i.SetSysClock) for SetSysClock
    stm32f10x_adc.o(i.ADC_DeInit) refers to stm32f10x_rcc.o(i.RCC_APB2PeriphResetCmd) for RCC_APB2PeriphResetCmd
    stm32f10x_bkp.o(i.BKP_DeInit) refers to stm32f10x_rcc.o(i.RCC_BackupResetCmd) for RCC_BackupResetCmd
    stm32f10x_can.o(i.CAN_DeInit) refers to stm32f10x_rcc.o(i.RCC_APB1PeriphResetCmd) for RCC_APB1PeriphResetCmd
    stm32f10x_can.o(i.CAN_GetITStatus) refers to stm32f10x_can.o(i.CheckITStatus) for CheckITStatus
    stm32f10x_cec.o(i.CEC_DeInit) refers to stm32f10x_rcc.o(i.RCC_APB1PeriphResetCmd) for RCC_APB1PeriphResetCmd
    stm32f10x_dac.o(i.DAC_DeInit) refers to stm32f10x_rcc.o(i.RCC_APB1PeriphResetCmd) for RCC_APB1PeriphResetCmd
    stm32f10x_flash.o(i.FLASH_EnableWriteProtection) refers to stm32f10x_flash.o(i.FLASH_WaitForLastOperation) for FLASH_WaitForLastOperation
    stm32f10x_flash.o(i.FLASH_EraseAllBank1Pages) refers to stm32f10x_flash.o(i.FLASH_WaitForLastBank1Operation) for FLASH_WaitForLastBank1Operation
    stm32f10x_flash.o(i.FLASH_EraseAllPages) refers to stm32f10x_flash.o(i.FLASH_WaitForLastOperation) for FLASH_WaitForLastOperation
    stm32f10x_flash.o(i.FLASH_EraseOptionBytes) refers to stm32f10x_flash.o(i.FLASH_GetReadOutProtectionStatus) for FLASH_GetReadOutProtectionStatus
    stm32f10x_flash.o(i.FLASH_EraseOptionBytes) refers to stm32f10x_flash.o(i.FLASH_WaitForLastOperation) for FLASH_WaitForLastOperation
    stm32f10x_flash.o(i.FLASH_ErasePage) refers to stm32f10x_flash.o(i.FLASH_WaitForLastOperation) for FLASH_WaitForLastOperation
    stm32f10x_flash.o(i.FLASH_ProgramHalfWord) refers to stm32f10x_flash.o(i.FLASH_WaitForLastOperation) for FLASH_WaitForLastOperation
    stm32f10x_flash.o(i.FLASH_ProgramOptionByteData) refers to stm32f10x_flash.o(i.FLASH_WaitForLastOperation) for FLASH_WaitForLastOperation
    stm32f10x_flash.o(i.FLASH_ProgramWord) refers to stm32f10x_flash.o(i.FLASH_WaitForLastOperation) for FLASH_WaitForLastOperation
    stm32f10x_flash.o(i.FLASH_ReadOutProtection) refers to stm32f10x_flash.o(i.FLASH_WaitForLastOperation) for FLASH_WaitForLastOperation
    stm32f10x_flash.o(i.FLASH_UserOptionByteConfig) refers to stm32f10x_flash.o(i.FLASH_WaitForLastOperation) for FLASH_WaitForLastOperation
    stm32f10x_flash.o(i.FLASH_WaitForLastBank1Operation) refers to stm32f10x_flash.o(i.FLASH_GetBank1Status) for FLASH_GetBank1Status
    stm32f10x_flash.o(i.FLASH_WaitForLastOperation) refers to stm32f10x_flash.o(i.FLASH_GetBank1Status) for FLASH_GetBank1Status
    stm32f10x_gpio.o(i.GPIO_AFIODeInit) refers to stm32f10x_rcc.o(i.RCC_APB2PeriphResetCmd) for RCC_APB2PeriphResetCmd
    stm32f10x_gpio.o(i.GPIO_DeInit) refers to stm32f10x_rcc.o(i.RCC_APB2PeriphResetCmd) for RCC_APB2PeriphResetCmd
    stm32f10x_i2c.o(i.I2C_DeInit) refers to stm32f10x_rcc.o(i.RCC_APB1PeriphResetCmd) for RCC_APB1PeriphResetCmd
    stm32f10x_i2c.o(i.I2C_Init) refers to stm32f10x_rcc.o(i.RCC_GetClocksFreq) for RCC_GetClocksFreq
    stm32f10x_pwr.o(i.PWR_DeInit) refers to stm32f10x_rcc.o(i.RCC_APB1PeriphResetCmd) for RCC_APB1PeriphResetCmd
    stm32f10x_rcc.o(i.RCC_GetClocksFreq) refers to stm32f10x_rcc.o(.data) for APBAHBPrescTable
[...]
    ../fplib/microlib/fpflt.c                0x00000000   Number         0  fflti.o ABSOLUTE
    ../fplib/microlib/fpflt.c                0x00000000   Number         0  ffltui.o ABSOLUTE
    ../fplib/microlib/fpmul.c                0x00000000   Number         0  fmul.o ABSOLUTE
    ../fplib/microlib/fpmul.c                0x00000000   Number         0  dmul.o ABSOLUTE
    ../fplib/microlib/fpscalb.c              0x00000000   Number         0  dscalb.o ABSOLUTE
    ../fplib/microlib/fpsqrt.c               0x00000000   Number         0  dsqrt.o ABSOLUTE
    ../mathlib/asin.c                        0x00000000   Number         0  asin_x.o ABSOLUTE
    ../mathlib/asin.c                        0x00000000   Number         0  asin.o ABSOLUTE
    ../mathlib/atan.c                        0x00000000   Number         0  atan_x.o ABSOLUTE
    ../mathlib/atan.c                        0x00000000   Number         0  atan.o ABSOLUTE
    ../mathlib/atan2.c                       0x00000000   Number         0  atan2_x.o ABSOLUTE
    ../mathlib/atan2.c                       0x00000000   Number         0  atan2.o ABSOLUTE
    ../mathlib/dunder.c                      0x00000000   Number         0  dunder.o ABSOLUTE
    ../mathlib/fpclassify.c                  0x00000000   Number         0  fpclassify.o ABSOLUTE
    ../mathlib/poly.c                        0x00000000   Number         0  poly.o ABSOLUTE
    ../mathlib/qnan.c                        0x00000000   Number         0  qnan.o ABSOLUTE
    ../mathlib/sqrt.c                        0x00000000   Number         0  sqrt.o ABSOLUTE
    ../mathlib/sqrt.c                        0x00000000   Number         0  sqrt_x.o ABSOLUTE
    ..\Hardware\IIC\bsp_iic.c                0x00000000   Number         0  bsp_iic.o ABSOLUTE
    ..\Hardware\delay\bsp_delay.c            0x00000000   Number         0  bsp_delay.o ABSOLUTE
    ..\Hardware\dmp\inv_mpu.c                0x00000000   Number         0  inv_mpu.o ABSOLUTE
    ..\Hardware\dmp\inv_mpu_dmp_motion_driver.c 0x00000000   Number         0  inv_mpu_dmp_motion_driver.o ABSOLUTE
    ..\Hardware\filter\bsp_filter.c          0x00000000   Number         0  bsp_filter.o ABSOLUTE
    ..\Hardware\mpu6050\mpu6050.c            0x00000000   Number         0  mpu6050.o ABSOLUTE
    ..\Hardware\oled\OLED.c                  0x00000000   Number         0  oled.o ABSOLUTE
    ..\Hardware\servo\bsp_servo.c            0x00000000   Number         0  bsp_servo.o ABSOLUTE
    ..\Hardware\tim\bsp_pwm.c                0x00000000   Number         0  bsp_pwm.o ABSOLUTE
    ..\Hardware\uart\bsp_usrt.c              0x00000000   Number         0  bsp_usrt.o ABSOLUTE
    ..\Libraries\CMSIS\core_cm3.c            0x00000000   Number         0  core_cm3.o ABSOLUTE
    ..\Libraries\CMSIS\startup\startup_stm32f10x_md.s 0x00000000   Number         0  startup_stm32f10x_md.o ABSOLUTE
    ..\Libraries\CMSIS\system_stm32f10x.c    0x00000000   Number         0  system_stm32f10x.o ABSOLUTE
    ..\Libraries\STM32F10x_StdPeriph_Driver\src\misc.c 0x00000000   Number         0  misc.o ABSOLUTE
    ..\Libraries\STM32F10x_StdPeriph_Driver\src\stm32f10x_adc.c 0x00000000   Number         0  stm32f10x_adc.o ABSOLUTE
    ..\Libraries\STM32F10x_StdPeriph_Driver\src\stm32f10x_bkp.c 0x00000000   Number         0  stm32f10x_bkp.o ABSOLUTE
    ..\Libraries\STM32F10x_StdPeriph_Driver\src\stm32f10x_can.c 0x00000000   Number         0  stm32f10x_can.o ABSOLUTE
    ..\Libraries\STM32F10x_StdPeriph_Driver\src\stm32f10x_cec.c 0x00000000   Number         0  stm32f10x_cec.o ABSOLUTE
    ..\Libraries\STM32F10x_StdPeriph_Driver\src\stm32f10x_crc.c 0x00000000   Number         0  stm32f10x_crc.o ABSOLUTE
    ..\Libraries\STM32F10x_StdPeriph_Driver\src\stm32f10x_dac.c 0x00000000   Number         0  stm32f10x_dac.o ABSOLUTE
    ..\Libraries\STM32F10x_StdPeriph_Driver\src\stm32f10x_dbgmcu.c 0x00000000   Number         0  stm32f10x_dbgmcu.o ABSOLUTE
    ..\Libraries\STM32F10x_StdPeriph_Driver\src\stm32f10x_dma.c 0x00000000   Number         0  stm32f10x_dma.o ABSOLUTE
    ..\Libraries\STM32F10x_StdPeriph_Driver\src\stm32f10x_exti.c 0x00000000   Number         0  stm32f10x_exti.o ABSOLUTE
    ..\Libraries\STM32F10x_StdPeriph_Driver\src\stm32f10x_flash.c 0x00000000   Number         0  stm32f10x_flash.o ABSOLUTE
    ..\Libraries\STM32F10x_StdPeriph_Driver\src\stm32f10x_fsmc.c 0x00000000   Number         0  stm32f10x_fsmc.o ABSOLUTE
    ..\Libraries\STM32F10x_StdPeriph_Driver\src\stm32f10x_gpio.c 0x00000000   Number         0  stm32f10x_gpio.o ABSOLUTE
    ..\Libraries\STM32F10x_StdPeriph_Driver\src\stm32f10x_i2c.c 0x00000000   Number         0  stm32f10x_i2c.o ABSOLUTE
    ..\Libraries\STM32F10x_StdPeriph_Driver\src\stm32f10x_iwdg.c 0x00000000   Number         0  stm32f10x_iwdg.o ABSOLUTE
    ..\Libraries\STM32F10x_StdPeriph_Driver\src\stm32f10x_pwr.c 0x00000000   Number         0  stm32f10x_pwr.o ABSOLUTE
    ..\Libraries\STM32F10x_StdPeriph_Driver\src\stm32f10x_rcc.c 0x00000000   Number         0  stm32f10x_rcc.o ABSOLUTE
    ..\Libraries\STM32F10x_StdPeriph_Driver\src\stm32f10x_rtc.c 0x00000000   Number         0  stm32f10x_rtc.o ABSOLUTE
    ..\Libraries\STM32F10x_StdPeriph_Driver\src\stm32f10x_sdio.c 0x00000000   Number         0  stm32f10x_sdio.o ABSOLUTE
    ..\Libraries\STM32F10x_StdPeriph_Driver\src\stm32f10x_spi.c 0x00000000   Number         0  stm32f10x_spi.o ABSOLUTE
    ..\Libraries\STM32F10x_StdPeriph_Driver\src\stm32f10x_tim.c 0x00000000   Number         0  stm32f10x_tim.o ABSOLUTE
    ..\Libraries\STM32F10x_StdPeriph_Driver\src\stm32f10x_usart.c 0x00000000   Number         0  stm32f10x_usart.o ABSOLUTE
    ..\Libraries\STM32F10x_StdPeriph_Driver\src\stm32f10x_wwdg.c 0x00000000   Number         0  stm32f10x_wwdg.o ABSOLUTE
    ..\User\main.c                           0x00000000   Number         0  main.o ABSOLUTE
    ..\User\stm32f10x_it.c                   0x00000000   Number         0  stm32f10x_it.o ABSOLUTE
    ..\\Libraries\\CMSIS\\core_cm3.c         0x00000000   Number         0  core_cm3.o ABSOLUTE
    cdcmple.s                                0x00000000   Number         0  cdcmple.o ABSOLUTE
    cdrcmple.s                               0x00000000   Number         0  cdrcmple.o ABSOLUTE
    cfcmple.s                                0x00000000   Number         0  cfcmple.o ABSOLUTE
    cfrcmple.s                               0x00000000   Number         0  cfrcmple.o ABSOLUTE
    dc.s                                     0x00000000   Number         0  dc.o ABSOLUTE
    handlers.s                               0x00000000   Number         0  handlers.o ABSOLUTE
    init.s                                   0x00000000   Number         0  init.o ABSOLUTE
    RESET                                    0x08000000   Section      236  startup_stm32f10x_md.o(RESET)
    .ARM.Collect$$$$00000000                 0x080000ec   Section        0  entry.o(.ARM.Collect$$$$00000000)
    .ARM.Collect$$$$00000001                 0x080000ec   Section        4  entry2.o(.ARM.Collect$$$$00000001)
    .ARM.Collect$$$$00000004                 0x080000f0   Section        4  entry5.o(.ARM.Collect$$$$00000004)
    .ARM.Collect$$$$00000008                 0x080000f4   Section        0  entry7b.o(.ARM.Collect$$$$00000008)
    .ARM.Collect$$$$0000000A                 0x080000f4   Section        0  entry8b.o(.ARM.Collect$$$$0000000A)
    .ARM.Collect$$$$0000000B                 0x080000f4   Section        8  entry9a.o(.ARM.Collect$$$$0000000B)
    .ARM.Collect$$$$0000000D                 0x080000fc   Section        0  entry10a.o(.ARM.Collect$$$$0000000D)
    .ARM.Collect$$$$0000000F                 0x080000fc   Section        0  entry11a.o(.ARM.Collect$$$$0000000F)
    .ARM.Collect$$$$00002712                 0x080000fc   Section        4  entry2.o(.ARM.Collect$$$$00002712)
    __lit__00000000                          0x080000fc   Data           4  entry2.o(.ARM.Collect$$$$00002712)
    .text                                    0x08000100   Section       36  startup_stm32f10x_md.o(.text)
    .text                                    0x08000124   Section        0  ldiv.o(.text)
    .text                                    0x08000186   Section        0  memseta.o(.text)
    .text                                    0x080001aa   Section        0  memcmp.o(.text)
    .text                                    0x080001c4   Section        0  fadd.o(.text)
    .text                                    0x08000274   Section        0  fmul.o(.text)
    .text                                    0x080002d8   Section        0  fdiv.o(.text)
    .text                                    0x08000354   Section        0  dadd.o(.text)
    .text                                    0x080004a2   Section        0  dmul.o(.text)
    .text                                    0x08000586   Section        0  fflti.o(.text)
    .text                                    0x08000598   Section        0  ffltui.o(.text)
    .text                                    0x080005a2   Section        0  ffixi.o(.text)
    .text                                    0x080005d4   Section        0  ffixui.o(.text)
    .text                                    0x080005fc   Section        0  f2d.o(.text)
    .text                                    0x08000622   Section        0  d2f.o(.text)
    .text                                    0x0800065c   Section       20  cfcmple.o(.text)
    .text                                    0x08000670   Section       20  cfrcmple.o(.text)
    .text                                    0x08000684   Section        0  uidiv.o(.text)
    .text                                    0x080006b0   Section        0  uldiv.o(.text)
    .text                                    0x08000712   Section        0  llshl.o(.text)
    .text                                    0x08000730   Section        0  llsshr.o(.text)
    .text                                    0x08000754   Section        0  fepilogue.o(.text)
    .text                                    0x08000754   Section        0  iusefp.o(.text)
    .text                                    0x080007c2   Section        0  depilogue.o(.text)
    .text                                    0x0800087c   Section        0  ddiv.o(.text)
    .text                                    0x0800095a   Section        0  dscalb.o(.text)
    .text                                    0x08000988   Section        0  dfixul.o(.text)
    .text                                    0x080009b8   Section       48  cdrcmple.o(.text)
    .text                                    0x080009e8   Section       36  init.o(.text)
    .text                                    0x08000a0c   Section        0  llushr.o(.text)
    .text                                    0x08000a2c   Section        0  dsqrt.o(.text)
    i.BusFault_Handler                       0x08000ace   Section        0  stm32f10x_it.o(i.BusFault_Handler)
    i.DEBUG_UART_Config                      0x08000ad4   Section        0  bsp_usrt.o(i.DEBUG_UART_Config)
    i.DMP_Init                               0x08000b54   Section        0  mpu6050.o(i.DMP_Init)
    i.DebugMon_Handler                       0x08000d64   Section        0  stm32f10x_it.o(i.DebugMon_Handler)
    i.GPIO_Init                              0x08000d66   Section        0  stm32f10x_gpio.o(i.GPIO_Init)
    i.GPIO_ReadInputDataBit                  0x08000e7c   Section        0  stm32f10x_gpio.o(i.GPIO_ReadInputDataBit)
    i.GPIO_WriteBit                          0x08000e8e   Section        0  stm32f10x_gpio.o(i.GPIO_WriteBit)
    i.HardFault_Handler                      0x08000e98   Section        0  stm32f10x_it.o(i.HardFault_Handler)
    i.I2C_ReadOneByte                        0x08000e9c   Section        0  bsp_iic.o(i.I2C_ReadOneByte)
    i.IIC_Ack                                0x08000ee4   Section        0  bsp_iic.o(i.IIC_Ack)
    i.IIC_Init                               0x08000f1c   Section        0  bsp_iic.o(i.IIC_Init)
    i.IIC_NAck                               0x08000f74   Section        0  bsp_iic.o(i.IIC_NAck)
    i.IIC_Read_Byte                          0x08000fa8   Section        0  bsp_iic.o(i.IIC_Read_Byte)
    i.IIC_Send_Byte                          0x08001004   Section        0  bsp_iic.o(i.IIC_Send_Byte)
    i.IIC_Start                              0x08001044   Section        0  bsp_iic.o(i.IIC_Start)
    i.IIC_Stop                               0x08001078   Section        0  bsp_iic.o(i.IIC_Stop)
    i.IIC_Wait_Ack                           0x080010ac   Section        0  bsp_iic.o(i.IIC_Wait_Ack)
    i.IICreadByte                            0x080010f8   Section        0  bsp_iic.o(i.IICreadByte)
    i.IICwriteBit                            0x0800110e   Section        0  bsp_iic.o(i.IICwriteBit)
    i.IICwriteBits                           0x0800114e   Section        0  bsp_iic.o(i.IICwriteBits)
    i.IICwriteByte                           0x080011b8   Section        0  bsp_iic.o(i.IICwriteByte)
    i.IICwriteBytes                          0x080011cc   Section        0  bsp_iic.o(i.IICwriteBytes)
    i.MPU6050_initialize                     0x08001212   Section        0  mpu6050.o(i.MPU6050_initialize)
    i.MPU6050_setClockSource                 0x0800123e   Section        0  mpu6050.o(i.MPU6050_setClockSource)
    i.MPU6050_setFullScaleAccelRange         0x08001252   Section        0  mpu6050.o(i.MPU6050_setFullScaleAccelRange)
    i.MPU6050_setFullScaleGyroRange          0x08001266   Section        0  mpu6050.o(i.MPU6050_setFullScaleGyroRange)
    i.MPU6050_setI2CBypassEnabled            0x0800127a   Section        0  mpu6050.o(i.MPU6050_setI2CBypassEnabled)
    i.MPU6050_setI2CMasterModeEnabled        0x0800128c   Section        0  mpu6050.o(i.MPU6050_setI2CMasterModeEnabled)
    i.MPU6050_setSleepEnabled                0x0800129e   Section        0  mpu6050.o(i.MPU6050_setSleepEnabled)
    i.MemManage_Handler                      0x080012b0   Section        0  stm32f10x_it.o(i.MemManage_Handler)
    i.NMI_Handler                            0x080012b4   Section        0  stm32f10x_it.o(i.NMI_Handler)
    i.NVIC_Init                              0x080012b8   Section        0  misc.o(i.NVIC_Init)
    i.NVIC_PriorityGroupConfig               0x08001328   Section        0  misc.o(i.NVIC_PriorityGroupConfig)
    i.OLED_Clear                             0x0800133c   Section        0  oled.o(i.OLED_Clear)
    i.OLED_I2C_Init                          0x08001368   Section        0  oled.o(i.OLED_I2C_Init)
    i.OLED_I2C_SendByte                      0x080013b8   Section        0  oled.o(i.OLED_I2C_SendByte)
    i.OLED_I2C_Start                         0x0800140c   Section        0  oled.o(i.OLED_I2C_Start)
    i.OLED_I2C_Stop                          0x08001440   Section        0  oled.o(i.OLED_I2C_Stop)
    i.OLED_Init                              0x08001468   Section        0  oled.o(i.OLED_Init)
    i.OLED_SetCursor                         0x08001516   Section        0  oled.o(i.OLED_SetCursor)
    i.OLED_ShowChar                          0x08001538   Section        0  oled.o(i.OLED_ShowChar)
    i.OLED_ShowString                        0x080015ac   Section        0  oled.o(i.OLED_ShowString)
    i.OLED_Showfloat                         0x080015d4   Section        0  oled.o(i.OLED_Showfloat)
    i.OLED_WriteCommand                      0x08001608   Section        0  oled.o(i.OLED_WriteCommand)
    i.OLED_WriteData                         0x08001628   Section        0  oled.o(i.OLED_WriteData)
    i.PWM_GPIO_Config                        0x08001648   Section        0  bsp_pwm.o(i.PWM_GPIO_Config)
    i.PWM_Init                               0x0800167c   Section        0  bsp_pwm.o(i.PWM_Init)
    i.PWM_Mode_Config                        0x08001688   Section        0  bsp_pwm.o(i.PWM_Mode_Config)
    i.PWM_SetCompare1                        0x080016f0   Section        0  bsp_pwm.o(i.PWM_SetCompare1)
    i.PWM_SetCompare2                        0x08001704   Section        0  bsp_pwm.o(i.PWM_SetCompare2)
    i.PendSV_Handler                         0x08001718   Section        0  stm32f10x_it.o(i.PendSV_Handler)
    i.RCC_APB1PeriphClockCmd                 0x0800171c   Section        0  stm32f10x_rcc.o(i.RCC_APB1PeriphClockCmd)
    i.RCC_APB2PeriphClockCmd                 0x0800173c   Section        0  stm32f10x_rcc.o(i.RCC_APB2PeriphClockCmd)
    i.RCC_GetClocksFreq                      0x0800175c   Section        0  stm32f10x_rcc.o(i.RCC_GetClocksFreq)
    i.Read_DMP                               0x08001830   Section        0  mpu6050.o(i.Read_DMP)
    i.SVC_Handler                            0x08001a40   Section        0  stm32f10x_it.o(i.SVC_Handler)
    i.Servo_Init                             0x08001a42   Section        0  bsp_servo.o(i.Servo_Init)
    i.Servo_SetAngle1                        0x08001a58   Section        0  bsp_servo.o(i.Servo_SetAngle1)
    i.Servo_SetAngle2                        0x08001a94   Section        0  bsp_servo.o(i.Servo_SetAngle2)
    i.SetSysClock                            0x08001ad0   Section        0  system_stm32f10x.o(i.SetSysClock)
    SetSysClock                              0x08001ad1   Thumb Code     8  system_stm32f10x.o(i.SetSysClock)
    i.SetSysClockTo72                        0x08001ad8   Section        0  system_stm32f10x.o(i.SetSysClockTo72)
    SetSysClockTo72                          0x08001ad9   Thumb Code   214  system_stm32f10x.o(i.SetSysClockTo72)
    i.SysTick_Handler                        0x08001bb8   Section        0  stm32f10x_it.o(i.SysTick_Handler)
    i.SystemInit                             0x08001bbc   Section        0  system_stm32f10x.o(i.SystemInit)
    i.TIM2_IRQHandler                        0x08001c1c   Section        0  bsp_servo.o(i.TIM2_IRQHandler)
    i.TIM_ClearFlag                          0x08001c60   Section        0  stm32f10x_tim.o(i.TIM_ClearFlag)
    i.TIM_ClearITPendingBit                  0x08001c66   Section        0  stm32f10x_tim.o(i.TIM_ClearITPendingBit)
    i.TIM_Cmd                                0x08001c6c   Section        0  stm32f10x_tim.o(i.TIM_Cmd)
    i.TIM_GetITStatus                        0x08001c84   Section        0  stm32f10x_tim.o(i.TIM_GetITStatus)
    i.TIM_ITConfig                           0x08001ca6   Section        0  stm32f10x_tim.o(i.TIM_ITConfig)
    i.TIM_OC1Init                            0x08001cb8   Section        0  stm32f10x_tim.o(i.TIM_OC1Init)
    i.TIM_OC2Init                            0x08001d50   Section        0  stm32f10x_tim.o(i.TIM_OC2Init)
    i.TIM_SetCompare1                        0x08001df4   Section        0  stm32f10x_tim.o(i.TIM_SetCompare1)
    i.TIM_SetCompare2                        0x08001df8   Section        0  stm32f10x_tim.o(i.TIM_SetCompare2)
    i.TIM_TimeBaseInit                       0x08001dfc   Section        0  stm32f10x_tim.o(i.TIM_TimeBaseInit)
    i.TIMx_Mode_Config                       0x08001ea0   Section        0  bsp_servo.o(i.TIMx_Mode_Config)
    i.USART_Cmd                              0x08001f10   Section        0  stm32f10x_usart.o(i.USART_Cmd)
    i.USART_GetFlagStatus                    0x08001f28   Section        0  stm32f10x_usart.o(i.USART_GetFlagStatus)
    i.USART_Init                             0x08001f44   Section        0  stm32f10x_usart.o(i.USART_Init)
    i.USART_SendData                         0x0800201c   Section        0  stm32f10x_usart.o(i.USART_SendData)
    i.UsageFault_Handler                     0x08002024   Section        0  stm32f10x_it.o(i.UsageFault_Handler)
    i.__0printf                              0x08002028   Section        0  printfa.o(i.__0printf)
    i.__0sprintf                             0x08002048   Section        0  printfa.o(i.__0sprintf)
    i.__ARM_fpclassify                       0x08002070   Section        0  fpclassify.o(i.__ARM_fpclassify)
    i.__kernel_poly                          0x08002098   Section        0  poly.o(i.__kernel_poly)
    i.__mathlib_dbl_infnan                   0x08002142   Section        0  dunder.o(i.__mathlib_dbl_infnan)
    i.__mathlib_dbl_infnan2                  0x08002148   Section        0  dunder.o(i.__mathlib_dbl_infnan2)
    i.__mathlib_dbl_invalid                  0x0800214c   Section        0  dunder.o(i.__mathlib_dbl_invalid)
    i.__mathlib_dbl_underflow                0x08002158   Section        0  dunder.o(i.__mathlib_dbl_underflow)
    i.__scatterload_copy                     0x08002168   Section       14  handlers.o(i.__scatterload_copy)
    i.__scatterload_null                     0x08002176   Section        2  handlers.o(i.__scatterload_null)
    i.__scatterload_zeroinit                 0x08002178   Section       14  handlers.o(i.__scatterload_zeroinit)
    i.__set_errno                            0x08002188   Section        0  errno.o(i.__set_errno)
    i._fp_digits                             0x08002194   Section        0  printfa.o(i._fp_digits)
    _fp_digits                               0x08002195   Thumb Code   334  printfa.o(i._fp_digits)
    i._printf_core                           0x080022f8   Section        0  printfa.o(i._printf_core)
    _printf_core                             0x080022f9   Thumb Code  1744  printfa.o(i._printf_core)
    i._printf_post_padding                   0x080029d4   Section        0  printfa.o(i._printf_post_padding)
    _printf_post_padding                     0x080029d5   Thumb Code    36  printfa.o(i._printf_post_padding)
    i._printf_pre_padding                    0x080029f8   Section        0  printfa.o(i._printf_pre_padding)
    _printf_pre_padding                      0x080029f9   Thumb Code    46  printfa.o(i._printf_pre_padding)
    i._sputc                                 0x08002a26   Section        0  printfa.o(i._sputc)
    _sputc                                   0x08002a27   Thumb Code    10  printfa.o(i._sputc)
    i.accel_self_test                        0x08002a30   Section        0  inv_mpu.o(i.accel_self_test)
    accel_self_test                          0x08002a31   Thumb Code   164  inv_mpu.o(i.accel_self_test)
    i.asin                                   0x08002ad8   Section        0  asin.o(i.asin)
    i.atan                                   0x08002d48   Section        0  atan.o(i.atan)
    i.atan2                                  0x08002f68   Section        0  atan2.o(i.atan2)
    i.decode_gesture                         0x080030e8   Section        0  inv_mpu_dmp_motion_driver.o(i.decode_gesture)
    decode_gesture                           0x080030e9   Thumb Code    94  inv_mpu_dmp_motion_driver.o(i.decode_gesture)
    i.delay_ms                               0x0800314c   Section        0  bsp_delay.o(i.delay_ms)
    i.delay_us                               0x08003164   Section        0  bsp_delay.o(i.delay_us)
    i.dmp_enable_6x_lp_quat                  0x08003192   Section        0  inv_mpu_dmp_motion_driver.o(i.dmp_enable_6x_lp_quat)
    i.dmp_enable_feature                     0x080031d0   Section        0  inv_mpu_dmp_motion_driver.o(i.dmp_enable_feature)
    i.dmp_enable_gyro_cal                    0x080033ec   Section        0  inv_mpu_dmp_motion_driver.o(i.dmp_enable_gyro_cal)
    i.dmp_enable_lp_quat                     0x08003444   Section        0  inv_mpu_dmp_motion_driver.o(i.dmp_enable_lp_quat)
    i.dmp_load_motion_driver_firmware        0x08003480   Section        0  inv_mpu_dmp_motion_driver.o(i.dmp_load_motion_driver_firmware)
    i.dmp_read_fifo                          0x08003498   Section        0  inv_mpu_dmp_motion_driver.o(i.dmp_read_fifo)
    i.dmp_set_accel_bias                     0x08003664   Section        0  inv_mpu_dmp_motion_driver.o(i.dmp_set_accel_bias)
    i.dmp_set_fifo_rate                      0x08003794   Section        0  inv_mpu_dmp_motion_driver.o(i.dmp_set_fifo_rate)
    i.dmp_set_gyro_bias                      0x08003804   Section        0  inv_mpu_dmp_motion_driver.o(i.dmp_set_gyro_bias)
    i.dmp_set_orientation                    0x08003934   Section        0  inv_mpu_dmp_motion_driver.o(i.dmp_set_orientation)
    i.dmp_set_shake_reject_thresh            0x08003a6c   Section        0  inv_mpu_dmp_motion_driver.o(i.dmp_set_shake_reject_thresh)
    i.dmp_set_shake_reject_time              0x08003aa4   Section        0  inv_mpu_dmp_motion_driver.o(i.dmp_set_shake_reject_time)
    i.dmp_set_shake_reject_timeout           0x08003aca   Section        0  inv_mpu_dmp_motion_driver.o(i.dmp_set_shake_reject_timeout)
    i.dmp_set_tap_axes                       0x08003af0   Section        0  inv_mpu_dmp_motion_driver.o(i.dmp_set_tap_axes)
    i.dmp_set_tap_count                      0x08003b36   Section        0  inv_mpu_dmp_motion_driver.o(i.dmp_set_tap_count)
    i.dmp_set_tap_thresh                     0x08003b5c   Section        0  inv_mpu_dmp_motion_driver.o(i.dmp_set_tap_thresh)
    i.dmp_set_tap_time                       0x08003cfc   Section        0  inv_mpu_dmp_motion_driver.o(i.dmp_set_tap_time)
    i.dmp_set_tap_time_multi                 0x08003d22   Section        0  inv_mpu_dmp_motion_driver.o(i.dmp_set_tap_time_multi)
    i.fputc                                  0x08003d48   Section        0  bsp_usrt.o(i.fputc)
    i.get_accel_prod_shift                   0x08003d6c   Section        0  inv_mpu.o(i.get_accel_prod_shift)
    get_accel_prod_shift                     0x08003d6d   Thumb Code   168  inv_mpu.o(i.get_accel_prod_shift)
    i.get_st_biases                          0x08003e20   Section        0  inv_mpu.o(i.get_st_biases)
    get_st_biases                            0x08003e21   Thumb Code  1132  inv_mpu.o(i.get_st_biases)
    i.gyro_self_test                         0x08004290   Section        0  inv_mpu.o(i.gyro_self_test)
    gyro_self_test                           0x08004291   Thumb Code   256  inv_mpu.o(i.gyro_self_test)
    i.i2cRead                                0x080043a0   Section        0  bsp_iic.o(i.i2cRead)
    i.i2cWrite                               0x08004410   Section        0  bsp_iic.o(i.i2cWrite)
    i.inv_orientation_matrix_to_scalar       0x0800446a   Section        0  mpu6050.o(i.inv_orientation_matrix_to_scalar)
    inv_orientation_matrix_to_scalar         0x0800446b   Thumb Code    40  mpu6050.o(i.inv_orientation_matrix_to_scalar)
    i.inv_row_2_scale                        0x08004492   Section        0  mpu6050.o(i.inv_row_2_scale)
    inv_row_2_scale                          0x08004493   Thumb Code    78  mpu6050.o(i.inv_row_2_scale)
    i.main                                   0x080044e0   Section        0  main.o(i.main)
    i.mpu_configure_fifo                     0x08004558   Section        0  inv_mpu.o(i.mpu_configure_fifo)
    i.mpu_get_accel_fsr                      0x080045c8   Section        0  inv_mpu.o(i.mpu_get_accel_fsr)
    i.mpu_get_accel_sens                     0x08004614   Section        0  inv_mpu.o(i.mpu_get_accel_sens)
    i.mpu_get_fifo_config                    0x08004668   Section        0  inv_mpu.o(i.mpu_get_fifo_config)
    i.mpu_get_gyro_fsr                       0x08004678   Section        0  inv_mpu.o(i.mpu_get_gyro_fsr)
    i.mpu_get_gyro_sens                      0x080046bc   Section        0  inv_mpu.o(i.mpu_get_gyro_sens)
    i.mpu_get_lpf                            0x0800470c   Section        0  inv_mpu.o(i.mpu_get_lpf)
    i.mpu_get_sample_rate                    0x0800475c   Section        0  inv_mpu.o(i.mpu_get_sample_rate)
    i.mpu_init                               0x0800477c   Section        0  inv_mpu.o(i.mpu_init)
    i.mpu_load_firmware                      0x0800496c   Section        0  inv_mpu.o(i.mpu_load_firmware)
    i.mpu_lp_accel_mode                      0x08004a24   Section        0  inv_mpu.o(i.mpu_lp_accel_mode)
    i.mpu_read_fifo_stream                   0x08004b04   Section        0  inv_mpu.o(i.mpu_read_fifo_stream)
    i.mpu_read_mem                           0x08004bc4   Section        0  inv_mpu.o(i.mpu_read_mem)
    i.mpu_reset_fifo                         0x08004c44   Section        0  inv_mpu.o(i.mpu_reset_fifo)
    i.mpu_run_self_test                      0x08004e00   Section        0  inv_mpu.o(i.mpu_run_self_test)
    i.mpu_set_accel_fsr                      0x08004f1c   Section        0  inv_mpu.o(i.mpu_set_accel_fsr)
    i.mpu_set_bypass                         0x08004fa0   Section        0  inv_mpu.o(i.mpu_set_bypass)
    i.mpu_set_dmp_state                      0x080050ec   Section        0  inv_mpu.o(i.mpu_set_dmp_state)
    i.mpu_set_gyro_fsr                       0x0800517c   Section        0  inv_mpu.o(i.mpu_set_gyro_fsr)
    i.mpu_set_int_latched                    0x08005204   Section        0  inv_mpu.o(i.mpu_set_int_latched)
    i.mpu_set_lpf                            0x08005270   Section        0  inv_mpu.o(i.mpu_set_lpf)
    i.mpu_set_sample_rate                    0x080052f4   Section        0  inv_mpu.o(i.mpu_set_sample_rate)
    i.mpu_set_sensors                        0x08005390   Section        0  inv_mpu.o(i.mpu_set_sensors)
    i.mpu_write_mem                          0x08005460   Section        0  inv_mpu.o(i.mpu_write_mem)
    i.myget_ms                               0x080054e0   Section        0  inv_mpu.o(i.myget_ms)
    i.run_self_test                          0x080054e4   Section        0  mpu6050.o(i.run_self_test)
    run_self_test                            0x080054e5   Thumb Code   150  mpu6050.o(i.run_self_test)
    i.set_int_enable                         0x080055a0   Section        0  inv_mpu.o(i.set_int_enable)
    set_int_enable                           0x080055a1   Thumb Code   138  inv_mpu.o(i.set_int_enable)
    i.sqrt                                   0x08005630   Section        0  sqrt.o(i.sqrt)
    .constdata                               0x0800567c   Section       80  inv_mpu.o(.constdata)
    .constdata                               0x080056cc   Section     3062  inv_mpu_dmp_motion_driver.o(.constdata)
    dmp_memory                               0x080056cc   Data        3062  inv_mpu_dmp_motion_driver.o(.constdata)
    .constdata                               0x080062c2   Section     1520  oled.o(.constdata)
    .constdata                               0x080068b8   Section       80  asin.o(.constdata)
    pS                                       0x080068b8   Data          48  asin.o(.constdata)
    qS                                       0x080068e8   Data          32  asin.o(.constdata)
    .constdata                               0x08006908   Section      152  atan.o(.constdata)
    atanhi                                   0x08006908   Data          32  atan.o(.constdata)
    atanlo                                   0x08006928   Data          32  atan.o(.constdata)
    aTodd                                    0x08006948   Data          40  atan.o(.constdata)
    aTeven                                   0x08006970   Data          48  atan.o(.constdata)
    .constdata                               0x080069a0   Section        8  qnan.o(.constdata)
    .conststring                             0x080069a8   Section       78  inv_mpu.o(.conststring)
    .data                                    0x20000000   Section       20  stm32f10x_rcc.o(.data)
    APBAHBPrescTable                         0x20000000   Data          16  stm32f10x_rcc.o(.data)
    ADCPrescTable                            0x20000010   Data           4  stm32f10x_rcc.o(.data)
    .data                                    0x20000014   Section        8  main.o(.data)
    .data                                    0x2000001c   Section       44  inv_mpu.o(.data)
    st                                       0x2000001c   Data          44  inv_mpu.o(.data)
    .data                                    0x20000048   Section       60  mpu6050.o(.data)
    gyro_orientation                         0x20000074   Data           9  mpu6050.o(.data)
    .data                                    0x20000084   Section        1  bsp_servo.o(.data)
    main_i                                   0x20000084   Data           1  bsp_servo.o(.data)
    .data                                    0x20000088   Section        4  stdout.o(.data)
    .data                                    0x2000008c   Section        4  errno.o(.data)
    _errno                                   0x2000008c   Data           4  errno.o(.data)
    .bss                                     0x20000090   Section       16  inv_mpu_dmp_motion_driver.o(.bss)
    dmp                                      0x20000090   Data          16  inv_mpu_dmp_motion_driver.o(.bss)
    STACK                                    0x200000a0   Section     1024  startup_stm32f10x_md.o(STACK)

    Global Symbols

    Symbol Name                              Value     Ov Type        Size  Object(Section)

    BuildAttributes$$THM_ISAv4$P$D$K$B$S$PE$A:L22UL41UL21$X:L11$S22US41US21$IEEE1$IW$USESV6$~STKCKD$USESV7$~SHL$OTIME$ROPI$IEEEX$EBA8$MICROLIB$REQ8$PRES8$EABIv2 0x00000000   Number         0  anon$$obj.o ABSOLUTE
    __ARM_use_no_argv                        0x00000000   Number         0  main.o ABSOLUTE
    _printf_a                                0x00000000   Number         0  stubs.o ABSOLUTE
    _printf_c                                0x00000000   Number         0  stubs.o ABSOLUTE
    _printf_charcount                        0x00000000   Number         0  stubs.o ABSOLUTE
    _printf_d                                0x00000000   Number         0  stubs.o ABSOLUTE
    _printf_e                                0x00000000   Number         0  stubs.o ABSOLUTE
    _printf_f                                0x00000000   Number         0  stubs.o ABSOLUTE
    _printf_flags                            0x00000000   Number         0  stubs.o ABSOLUTE
    _printf_fp_dec                           0x00000000   Number         0  stubs.o ABSOLUTE
    _printf_fp_hex                           0x00000000   Number         0  stubs.o ABSOLUTE
    _printf_g                                0x00000000   Number         0  stubs.o ABSOLUTE
    _printf_i                                0x00000000   Number         0  stubs.o ABSOLUTE
    _printf_int_dec                          0x00000000   Number         0  stubs.o ABSOLUTE
    _printf_l                                0x00000000   Number         0  stubs.o ABSOLUTE
    _printf_lc                               0x00000000   Number         0  stubs.o ABSOLUTE
    _printf_ll                               0x00000000   Number         0  stubs.o ABSOLUTE
    _printf_lld                              0x00000000   Number         0  stubs.o ABSOLUTE
    _printf_lli                              0x00000000   Number         0  stubs.o ABSOLUTE
    _printf_llo                              0x00000000   Number         0  stubs.o ABSOLUTE
    _printf_llu                              0x00000000   Number         0  stubs.o ABSOLUTE
    _printf_llx                              0x00000000   Number         0  stubs.o ABSOLUTE
    _printf_longlong_dec                     0x00000000   Number         0  stubs.o ABSOLUTE
    _printf_longlong_hex                     0x00000000   Number         0  stubs.o ABSOLUTE
    _printf_longlong_oct                     0x00000000   Number         0  stubs.o ABSOLUTE
    _printf_ls                               0x00000000   Number         0  stubs.o ABSOLUTE
    _printf_mbtowc                           0x00000000   Number         0  stubs.o ABSOLUTE
    _printf_n                                0x00000000   Number         0  stubs.o ABSOLUTE
    _printf_o                                0x00000000   Number         0  stubs.o ABSOLUTE
    _printf_p                                0x00000000   Number         0  stubs.o ABSOLUTE
    _printf_percent                          0x00000000   Number         0  stubs.o ABSOLUTE
    _printf_pre_padding                      0x00000000   Number         0  stubs.o ABSOLUTE
    _printf_return_value                     0x00000000   Number         0  stubs.o ABSOLUTE
    _printf_s                                0x00000000   Number         0  stubs.o ABSOLUTE
    _printf_sizespec                         0x00000000   Number         0  stubs.o ABSOLUTE
    _printf_str                              0x00000000   Number         0  stubs.o ABSOLUTE
    _printf_truncate_signed                  0x00000000   Number         0  stubs.o ABSOLUTE
    _printf_truncate_unsigned                0x00000000   Number         0  stubs.o ABSOLUTE
    _printf_u                                0x00000000   Number         0  stubs.o ABSOLUTE
    _printf_wc                               0x00000000   Number         0  stubs.o ABSOLUTE
    _printf_wctomb                           0x00000000   Number         0  stubs.o ABSOLUTE
    _printf_widthprec                        0x00000000   Number         0  stubs.o ABSOLUTE
    _printf_x                                0x00000000   Number         0  stubs.o ABSOLUTE
    __cpp_initialize__aeabi_                  - Undefined Weak Reference
    __cxa_finalize                            - Undefined Weak Reference
    __decompress                              - Undefined Weak Reference
    _clock_init                               - Undefined Weak Reference
    _microlib_exit                            - Undefined Weak Reference
    __Vectors_Size                           0x000000ec   Number         0  startup_stm32f10x_md.o ABSOLUTE
    __Vectors                                0x08000000   Data           4  startup_stm32f10x_md.o(RESET)
    __Vectors_End                            0x080000ec   Data           0  startup_stm32f10x_md.o(RESET)
    __main                                   0x080000ed   Thumb Code     0  entry.o(.ARM.Collect$$$$00000000)
    _main_stk                                0x080000ed   Thumb Code     0  entry2.o(.ARM.Collect$$$$00000001)
    _main_scatterload                        0x080000f1   Thumb Code     0  entry5.o(.ARM.Collect$$$$00000004)
    __main_after_scatterload                 0x080000f5   Thumb Code     0  entry5.o(.ARM.Collect$$$$00000004)
    _main_clock                              0x080000f5   Thumb Code     0  entry7b.o(.ARM.Collect$$$$00000008)
    _main_cpp_init                           0x080000f5   Thumb Code     0  entry8b.o(.ARM.Collect$$$$0000000A)
    _main_init                               0x080000f5   Thumb Code     0  entry9a.o(.ARM.Collect$$$$0000000B)
    __rt_final_cpp                           0x080000fd   Thumb Code     0  entry10a.o(.ARM.Collect$$$$0000000D)
    __rt_final_exit                          0x080000fd   Thumb Code     0  entry11a.o(.ARM.Collect$$$$0000000F)
    Reset_Handler                            0x08000101   Thumb Code     8  startup_stm32f10x_md.o(.text)
    ADC1_2_IRQHandler                        0x0800011b   Thumb Code     0  startup_stm32f10x_md.o(.text)
    CAN1_RX1_IRQHandler                      0x0800011b   Thumb Code     0  startup_stm32f10x_md.o(.text)
    CAN1_SCE_IRQHandler                      0x0800011b   Thumb Code     0  startup_stm32f10x_md.o(.text)
    DMA1_Channel1_IRQHandler                 0x0800011b   Thumb Code     0  startup_stm32f10x_md.o(.text)
    DMA1_Channel2_IRQHandler                 0x0800011b   Thumb Code     0  startup_stm32f10x_md.o(.text)
    DMA1_Channel3_IRQHandler                 0x0800011b   Thumb Code     0  startup_stm32f10x_md.o(.text)
    DMA1_Channel4_IRQHandler                 0x0800011b   Thumb Code     0  startup_stm32f10x_md.o(.text)
    DMA1_Channel5_IRQHandler                 0x0800011b   Thumb Code     0  startup_stm32f10x_md.o(.text)
    DMA1_Channel6_IRQHandler                 0x0800011b   Thumb Code     0  startup_stm32f10x_md.o(.text)
    DMA1_Channel7_IRQHandler                 0x0800011b   Thumb Code     0  startup_stm32f10x_md.o(.text)
    EXTI0_IRQHandler                         0x0800011b   Thumb Code     0  startup_stm32f10x_md.o(.text)
    EXTI15_10_IRQHandler                     0x0800011b   Thumb Code     0  startup_stm32f10x_md.o(.text)
    EXTI1_IRQHandler                         0x0800011b   Thumb Code     0  startup_stm32f10x_md.o(.text)
    EXTI2_IRQHandler                         0x0800011b   Thumb Code     0  startup_stm32f10x_md.o(.text)
    EXTI3_IRQHandler                         0x0800011b   Thumb Code     0  startup_stm32f10x_md.o(.text)
    EXTI4_IRQHandler                         0x0800011b   Thumb Code     0  startup_stm32f10x_md.o(.text)
    EXTI9_5_IRQHandler                       0x0800011b   Thumb Code     0  startup_stm32f10x_md.o(.text)
    FLASH_IRQHandler                         0x0800011b   Thumb Code     0  startup_stm32f10x_md.o(.text)
    I2C1_ER_IRQHandler                       0x0800011b   Thumb Code     0  startup_stm32f10x_md.o(.text)
    I2C1_EV_IRQHandler                       0x0800011b   Thumb Code     0  startup_stm32f10x_md.o(.text)
    I2C2_ER_IRQHandler                       0x0800011b   Thumb Code     0  startup_stm32f10x_md.o(.text)
    I2C2_EV_IRQHandler                       0x0800011b   Thumb Code     0  startup_stm32f10x_md.o(.text)
    PVD_IRQHandler                           0x0800011b   Thumb Code     0  startup_stm32f10x_md.o(.text)
    RCC_IRQHandler                           0x0800011b   Thumb Code     0  startup_stm32f10x_md.o(.text)
    RTCAlarm_IRQHandler                      0x0800011b   Thumb Code     0  startup_stm32f10x_md.o(.text)
    RTC_IRQHandler                           0x0800011b   Thumb Code     0  startup_stm32f10x_md.o(.text)
    SPI1_IRQHandler                          0x0800011b   Thumb Code     0  startup_stm32f10x_md.o(.text)
    SPI2_IRQHandler                          0x0800011b   Thumb Code     0  startup_stm32f10x_md.o(.text)
    TAMPER_IRQHandler                        0x0800011b   Thumb Code     0  startup_stm32f10x_md.o(.text)
    TIM1_BRK_IRQHandler                      0x0800011b   Thumb Code     0  startup_stm32f10x_md.o(.text)
    TIM1_CC_IRQHandler                       0x0800011b   Thumb Code     0  startup_stm32f10x_md.o(.text)
    TIM1_TRG_COM_IRQHandler                  0x0800011b   Thumb Code     0  startup_stm32f10x_md.o(.text)
    TIM1_UP_IRQHandler                       0x0800011b   Thumb Code     0  startup_stm32f10x_md.o(.text)
    TIM3_IRQHandler                          0x0800011b   Thumb Code     0  startup_stm32f10x_md.o(.text)
    TIM4_IRQHandler                          0x0800011b   Thumb Code     0  startup_stm32f10x_md.o(.text)
    USART1_IRQHandler                        0x0800011b   Thumb Code     0  startup_stm32f10x_md.o(.text)
    USART2_IRQHandler                        0x0800011b   Thumb Code     0  startup_stm32f10x_md.o(.text)
    USART3_IRQHandler                        0x0800011b   Thumb Code     0  startup_stm32f10x_md.o(.text)
    USBWakeUp_IRQHandler                     0x0800011b   Thumb Code     0  startup_stm32f10x_md.o(.text)
    USB_HP_CAN1_TX_IRQHandler                0x0800011b   Thumb Code     0  startup_stm32f10x_md.o(.text)
    USB_LP_CAN1_RX0_IRQHandler               0x0800011b   Thumb Code     0  startup_stm32f10x_md.o(.text)
    WWDG_IRQHandler                          0x0800011b   Thumb Code     0  startup_stm32f10x_md.o(.text)
    __aeabi_ldivmod                          0x08000125   Thumb Code    98  ldiv.o(.text)
    __aeabi_memset                           0x08000187   Thumb Code    14  memseta.o(.text)
    __aeabi_memset4                          0x08000187   Thumb Code     0  memseta.o(.text)
    __aeabi_memset8                          0x08000187   Thumb Code     0  memseta.o(.text)
    __aeabi_memclr                           0x08000195   Thumb Code     4  memseta.o(.text)
    __aeabi_memclr4                          0x08000195   Thumb Code     0  memseta.o(.text)
    __aeabi_memclr8                          0x08000195   Thumb Code     0  memseta.o(.text)
    _memset$wrapper                          0x08000199   Thumb Code    18  memseta.o(.text)
    memcmp                                   0x080001ab   Thumb Code    26  memcmp.o(.text)
    __aeabi_fadd                             0x080001c5   Thumb Code   164  fadd.o(.text)
    __aeabi_fsub                             0x08000269   Thumb Code     6  fadd.o(.text)
    __aeabi_frsub                            0x0800026f   Thumb Code     6  fadd.o(.text)
    __aeabi_fmul                             0x08000275   Thumb Code   100  fmul.o(.text)
    __aeabi_fdiv                             0x080002d9   Thumb Code   124  fdiv.o(.text)
    __aeabi_dadd                             0x08000355   Thumb Code   322  dadd.o(.text)
    __aeabi_dsub                             0x08000497   Thumb Code     6  dadd.o(.text)
    __aeabi_drsub                            0x0800049d   Thumb Code     6  dadd.o(.text)
    __aeabi_dmul                             0x080004a3   Thumb Code   228  dmul.o(.text)
    __aeabi_i2f                              0x08000587   Thumb Code    18  fflti.o(.text)
    __aeabi_ui2f                             0x08000599   Thumb Code    10  ffltui.o(.text)
    __aeabi_f2iz                             0x080005a3   Thumb Code    50  ffixi.o(.text)
    __aeabi_f2uiz                            0x080005d5   Thumb Code    40  ffixui.o(.text)
    __aeabi_f2d                              0x080005fd   Thumb Code    38  f2d.o(.text)
    __aeabi_d2f                              0x08000623   Thumb Code    56  d2f.o(.text)
    __aeabi_cfcmpeq                          0x0800065d   Thumb Code     0  cfcmple.o(.text)
    __aeabi_cfcmple                          0x0800065d   Thumb Code    20  cfcmple.o(.text)
    __aeabi_cfrcmple                         0x08000671   Thumb Code    20  cfrcmple.o(.text)
    __aeabi_uidiv                            0x08000685   Thumb Code     0  uidiv.o(.text)
    __aeabi_uidivmod                         0x08000685   Thumb Code    44  uidiv.o(.text)
    __aeabi_uldivmod                         0x080006b1   Thumb Code    98  uldiv.o(.text)
    __aeabi_llsl                             0x08000713   Thumb Code    30  llshl.o(.text)
    _ll_shift_l                              0x08000713   Thumb Code     0  llshl.o(.text)
    __aeabi_lasr                             0x08000731   Thumb Code    36  llsshr.o(.text)
    _ll_sshift_r                             0x08000731   Thumb Code     0  llsshr.o(.text)
    __I$use$fp                               0x08000755   Thumb Code     0  iusefp.o(.text)
    _float_round                             0x08000755   Thumb Code    18  fepilogue.o(.text)
    _float_epilogue                          0x08000767   Thumb Code    92  fepilogue.o(.text)
    _double_round                            0x080007c3   Thumb Code    30  depilogue.o(.text)
    _double_epilogue                         0x080007e1   Thumb Code   156  depilogue.o(.text)
    __aeabi_ddiv                             0x0800087d   Thumb Code   222  ddiv.o(.text)
    __ARM_scalbn                             0x0800095b   Thumb Code    46  dscalb.o(.text)
    scalbn                                   0x0800095b   Thumb Code     0  dscalb.o(.text)
    __aeabi_d2ulz                            0x08000989   Thumb Code    48  dfixul.o(.text)
    __aeabi_cdrcmple                         0x080009b9   Thumb Code    48  cdrcmple.o(.text)
    __scatterload                            0x080009e9   Thumb Code    28  init.o(.text)
    __scatterload_rt2                        0x080009e9   Thumb Code     0  init.o(.text)
    __aeabi_llsr                             0x08000a0d   Thumb Code    32  llushr.o(.text)
    _ll_ushift_r                             0x08000a0d   Thumb Code     0  llushr.o(.text)
    _dsqrt                                   0x08000a2d   Thumb Code   162  dsqrt.o(.text)
    BusFault_Handler                         0x08000acf   Thumb Code     4  stm32f10x_it.o(i.BusFault_Handler)
    DEBUG_UART_Config                        0x08000ad5   Thumb Code   120  bsp_usrt.o(i.DEBUG_UART_Config)
    DMP_Init                                 0x08000b55   Thumb Code   194  mpu6050.o(i.DMP_Init)
    DebugMon_Handler                         0x08000d65   Thumb Code     2  stm32f10x_it.o(i.DebugMon_Handler)
    GPIO_Init                                0x08000d67   Thumb Code   278  stm32f10x_gpio.o(i.GPIO_Init)
    GPIO_ReadInputDataBit                    0x08000e7d   Thumb Code    18  stm32f10x_gpio.o(i.GPIO_ReadInputDataBit)
    GPIO_WriteBit                            0x08000e8f   Thumb Code    10  stm32f10x_gpio.o(i.GPIO_WriteBit)
    HardFault_Handler                        0x08000e99   Thumb Code     4  stm32f10x_it.o(i.HardFault_Handler)
    I2C_ReadOneByte                          0x08000e9d   Thumb Code    70  bsp_iic.o(i.I2C_ReadOneByte)
    IIC_Ack                                  0x08000ee5   Thumb Code    50  bsp_iic.o(i.IIC_Ack)
    IIC_Init                                 0x08000f1d   Thumb Code    82  bsp_iic.o(i.IIC_Init)
    IIC_NAck                                 0x08000f75   Thumb Code    48  bsp_iic.o(i.IIC_NAck)
    IIC_Read_Byte                            0x08000fa9   Thumb Code    86  bsp_iic.o(i.IIC_Read_Byte)
    IIC_Send_Byte                            0x08001005   Thumb Code    58  bsp_iic.o(i.IIC_Send_Byte)
    IIC_Start                                0x08001045   Thumb Code    48  bsp_iic.o(i.IIC_Start)
    IIC_Stop                                 0x08001079   Thumb Code    48  bsp_iic.o(i.IIC_Stop)
    IIC_Wait_Ack                             0x080010ad   Thumb Code    72  bsp_iic.o(i.IIC_Wait_Ack)
    IICreadByte                              0x080010f9   Thumb Code    22  bsp_iic.o(i.IICreadByte)
    IICwriteBit                              0x0800110f   Thumb Code    64  bsp_iic.o(i.IICwriteBit)
    IICwriteBits                             0x0800114f   Thumb Code   106  bsp_iic.o(i.IICwriteBits)
    IICwriteByte                             0x080011b9   Thumb Code    20  bsp_iic.o(i.IICwriteByte)
    IICwriteBytes                            0x080011cd   Thumb Code    70  bsp_iic.o(i.IICwriteBytes)
    MPU6050_initialize                       0x08001213   Thumb Code    44  mpu6050.o(i.MPU6050_initialize)
    MPU6050_setClockSource                   0x0800123f   Thumb Code    20  mpu6050.o(i.MPU6050_setClockSource)
    MPU6050_setFullScaleAccelRange           0x08001253   Thumb Code    20  mpu6050.o(i.MPU6050_setFullScaleAccelRange)
    MPU6050_setFullScaleGyroRange            0x08001267   Thumb Code    20  mpu6050.o(i.MPU6050_setFullScaleGyroRange)
    MPU6050_setI2CBypassEnabled              0x0800127b   Thumb Code    18  mpu6050.o(i.MPU6050_setI2CBypassEnabled)
    MPU6050_setI2CMasterModeEnabled          0x0800128d   Thumb Code    18  mpu6050.o(i.MPU6050_setI2CMasterModeEnabled)
    MPU6050_setSleepEnabled                  0x0800129f   Thumb Code    18  mpu6050.o(i.MPU6050_setSleepEnabled)
    MemManage_Handler                        0x080012b1   Thumb Code     4  stm32f10x_it.o(i.MemManage_Handler)
    NMI_Handler                              0x080012b5   Thumb Code     2  stm32f10x_it.o(i.NMI_Handler)
    NVIC_Init                                0x080012b9   Thumb Code   100  misc.o(i.NVIC_Init)
    NVIC_PriorityGroupConfig                 0x08001329   Thumb Code    10  misc.o(i.NVIC_PriorityGroupConfig)
    OLED_Clear                               0x0800133d   Thumb Code    42  oled.o(i.OLED_Clear)
    OLED_I2C_Init                            0x08001369   Thumb Code    76  oled.o(i.OLED_I2C_Init)
    OLED_I2C_SendByte                        0x080013b9   Thumb Code    80  oled.o(i.OLED_I2C_SendByte)
    OLED_I2C_Start                           0x0800140d   Thumb Code    48  oled.o(i.OLED_I2C_Start)
    OLED_I2C_Stop                            0x08001441   Thumb Code    36  oled.o(i.OLED_I2C_Stop)
    OLED_Init                                0x08001469   Thumb Code   174  oled.o(i.OLED_Init)
    OLED_SetCursor                           0x08001517   Thumb Code    34  oled.o(i.OLED_SetCursor)
    OLED_ShowChar                            0x08001539   Thumb Code   110  oled.o(i.OLED_ShowChar)
    OLED_ShowString                          0x080015ad   Thumb Code    40  oled.o(i.OLED_ShowString)
    OLED_Showfloat                           0x080015d5   Thumb Code    44  oled.o(i.OLED_Showfloat)
    OLED_WriteCommand                        0x08001609   Thumb Code    32  oled.o(i.OLED_WriteCommand)
    OLED_WriteData                           0x08001629   Thumb Code    32  oled.o(i.OLED_WriteData)
    PWM_GPIO_Config                          0x08001649   Thumb Code    46  bsp_pwm.o(i.PWM_GPIO_Config)
    PWM_Init                                 0x0800167d   Thumb Code    12  bsp_pwm.o(i.PWM_Init)
    PWM_Mode_Config                          0x08001689   Thumb Code    98  bsp_pwm.o(i.PWM_Mode_Config)
    PWM_SetCompare1                          0x080016f1   Thumb Code    14  bsp_pwm.o(i.PWM_SetCompare1)
    PWM_SetCompare2                          0x08001705   Thumb Code    14  bsp_pwm.o(i.PWM_SetCompare2)
    PendSV_Handler                           0x08001719   Thumb Code     2  stm32f10x_it.o(i.PendSV_Handler)
    RCC_APB1PeriphClockCmd                   0x0800171d   Thumb Code    26  stm32f10x_rcc.o(i.RCC_APB1PeriphClockCmd)
    RCC_APB2PeriphClockCmd                   0x0800173d   Thumb Code    26  stm32f10x_rcc.o(i.RCC_APB2PeriphClockCmd)
    RCC_GetClocksFreq                        0x0800175d   Thumb Code   192  stm32f10x_rcc.o(i.RCC_GetClocksFreq)
    Read_DMP                                 0x08001831   Thumb Code   472  mpu6050.o(i.Read_DMP)
    SVC_Handler                              0x08001a41   Thumb Code     2  stm32f10x_it.o(i.SVC_Handler)
    Servo_Init                               0x08001a43   Thumb Code    20  bsp_servo.o(i.Servo_Init)
    Servo_SetAngle1                          0x08001a59   Thumb Code    48  bsp_servo.o(i.Servo_SetAngle1)
    Servo_SetAngle2                          0x08001a95   Thumb Code    48  bsp_servo.o(i.Servo_SetAngle2)
    SysTick_Handler                          0x08001bb9   Thumb Code     2  stm32f10x_it.o(i.SysTick_Handler)
    SystemInit                               0x08001bbd   Thumb Code    78  system_stm32f10x.o(i.SystemInit)
    TIM2_IRQHandler                          0x08001c1d   Thumb Code    60  bsp_servo.o(i.TIM2_IRQHandler)
    TIM_ClearFlag                            0x08001c61   Thumb Code     6  stm32f10x_tim.o(i.TIM_ClearFlag)
    TIM_ClearITPendingBit                    0x08001c67   Thumb Code     6  stm32f10x_tim.o(i.TIM_ClearITPendingBit)
    TIM_Cmd                                  0x08001c6d   Thumb Code    24  stm32f10x_tim.o(i.TIM_Cmd)
    TIM_GetITStatus                          0x08001c85   Thumb Code    34  stm32f10x_tim.o(i.TIM_GetITStatus)
    TIM_ITConfig                             0x08001ca7   Thumb Code    18  stm32f10x_tim.o(i.TIM_ITConfig)
    TIM_OC1Init                              0x08001cb9   Thumb Code   132  stm32f10x_tim.o(i.TIM_OC1Init)
    TIM_OC2Init                              0x08001d51   Thumb Code   154  stm32f10x_tim.o(i.TIM_OC2Init)
    TIM_SetCompare1                          0x08001df5   Thumb Code     4  stm32f10x_tim.o(i.TIM_SetCompare1)
    TIM_SetCompare2                          0x08001df9   Thumb Code     4  stm32f10x_tim.o(i.TIM_SetCompare2)
    TIM_TimeBaseInit                         0x08001dfd   Thumb Code   122  stm32f10x_tim.o(i.TIM_TimeBaseInit)
    TIMx_Mode_Config                         0x08001ea1   Thumb Code   112  bsp_servo.o(i.TIMx_Mode_Config)
    USART_Cmd                                0x08001f11   Thumb Code    24  stm32f10x_usart.o(i.USART_Cmd)
    USART_GetFlagStatus                      0x08001f29   Thumb Code    26  stm32f10x_usart.o(i.USART_GetFlagStatus)
    USART_Init                               0x08001f45   Thumb Code   210  stm32f10x_usart.o(i.USART_Init)
    USART_SendData                           0x0800201d   Thumb Code     8  stm32f10x_usart.o(i.USART_SendData)
    UsageFault_Handler                       0x08002025   Thumb Code     4  stm32f10x_it.o(i.UsageFault_Handler)
    __0printf                                0x08002029   Thumb Code    22  printfa.o(i.__0printf)
    __1printf                                0x08002029   Thumb Code     0  printfa.o(i.__0printf)
    __2printf                                0x08002029   Thumb Code     0  printfa.o(i.__0printf)
    __c89printf                              0x08002029   Thumb Code     0  printfa.o(i.__0printf)
    printf                                   0x08002029   Thumb Code     0  printfa.o(i.__0printf)
    __0sprintf                               0x08002049   Thumb Code    34  printfa.o(i.__0sprintf)
    __1sprintf                               0x08002049   Thumb Code     0  printfa.o(i.__0sprintf)
    __2sprintf                               0x08002049   Thumb Code     0  printfa.o(i.__0sprintf)
    __c89sprintf                             0x08002049   Thumb Code     0  printfa.o(i.__0sprintf)
    sprintf                                  0x08002049   Thumb Code     0  printfa.o(i.__0sprintf)
    __ARM_fpclassify                         0x08002071   Thumb Code    40  fpclassify.o(i.__ARM_fpclassify)
    __kernel_poly                            0x08002099   Thumb Code   170  poly.o(i.__kernel_poly)
    __mathlib_dbl_infnan                     0x08002143   Thumb Code     6  dunder.o(i.__mathlib_dbl_infnan)
    __mathlib_dbl_infnan2                    0x08002149   Thumb Code     4  dunder.o(i.__mathlib_dbl_infnan2)
    __mathlib_dbl_invalid                    0x0800214d   Thumb Code    12  dunder.o(i.__mathlib_dbl_invalid)
    __mathlib_dbl_underflow                  0x08002159   Thumb Code    10  dunder.o(i.__mathlib_dbl_underflow)
    __scatterload_copy                       0x08002169   Thumb Code    14  handlers.o(i.__scatterload_copy)
    __scatterload_null                       0x08002177   Thumb Code     2  handlers.o(i.__scatterload_null)
    __scatterload_zeroinit                   0x08002179   Thumb Code    14  handlers.o(i.__scatterload_zeroinit)
    __set_errno                              0x08002189   Thumb Code     6  errno.o(i.__set_errno)
    asin                                     0x08002ad9   Thumb Code   572  asin.o(i.asin)
    atan                                     0x08002d49   Thumb Code   474  atan.o(i.atan)
    atan2                                    0x08002f69   Thumb Code   346  atan2.o(i.atan2)
    delay_ms                                 0x0800314d   Thumb Code    24  bsp_delay.o(i.delay_ms)
    delay_us                                 0x08003165   Thumb Code    46  bsp_delay.o(i.delay_us)
    dmp_enable_6x_lp_quat                    0x08003193   Thumb Code    60  inv_mpu_dmp_motion_driver.o(i.dmp_enable_6x_lp_quat)
    dmp_enable_feature                       0x080031d1   Thumb Code   530  inv_mpu_dmp_motion_driver.o(i.dmp_enable_feature)
    dmp_enable_gyro_cal                      0x080033ed   Thumb Code    62  inv_mpu_dmp_motion_driver.o(i.dmp_enable_gyro_cal)
    dmp_enable_lp_quat                       0x08003445   Thumb Code    60  inv_mpu_dmp_motion_driver.o(i.dmp_enable_lp_quat)
    dmp_load_motion_driver_firmware          0x08003481   Thumb Code    20  inv_mpu_dmp_motion_driver.o(i.dmp_load_motion_driver_firmware)
    dmp_read_fifo                            0x08003499   Thumb Code   456  inv_mpu_dmp_motion_driver.o(i.dmp_read_fifo)
    dmp_set_accel_bias                       0x08003665   Thumb Code   300  inv_mpu_dmp_motion_driver.o(i.dmp_set_accel_bias)
    dmp_set_fifo_rate                        0x08003795   Thumb Code    96  inv_mpu_dmp_motion_driver.o(i.dmp_set_fifo_rate)
    dmp_set_gyro_bias                        0x08003805   Thumb Code   294  inv_mpu_dmp_motion_driver.o(i.dmp_set_gyro_bias)
    dmp_set_orientation                      0x08003935   Thumb Code   290  inv_mpu_dmp_motion_driver.o(i.dmp_set_orientation)
    dmp_set_shake_reject_thresh              0x08003a6d   Thumb Code    56  inv_mpu_dmp_motion_driver.o(i.dmp_set_shake_reject_thresh)
    dmp_set_shake_reject_time                0x08003aa5   Thumb Code    38  inv_mpu_dmp_motion_driver.o(i.dmp_set_shake_reject_time)
    dmp_set_shake_reject_timeout             0x08003acb   Thumb Code    38  inv_mpu_dmp_motion_driver.o(i.dmp_set_shake_reject_timeout)
    dmp_set_tap_axes                         0x08003af1   Thumb Code    70  inv_mpu_dmp_motion_driver.o(i.dmp_set_tap_axes)
    dmp_set_tap_count                        0x08003b37   Thumb Code    38  inv_mpu_dmp_motion_driver.o(i.dmp_set_tap_count)
    dmp_set_tap_thresh                       0x08003b5d   Thumb Code   396  inv_mpu_dmp_motion_driver.o(i.dmp_set_tap_thresh)
    dmp_set_tap_time                         0x08003cfd   Thumb Code    38  inv_mpu_dmp_motion_driver.o(i.dmp_set_tap_time)
    dmp_set_tap_time_multi                   0x08003d23   Thumb Code    38  inv_mpu_dmp_motion_driver.o(i.dmp_set_tap_time_multi)
    fputc                                    0x08003d49   Thumb Code    32  bsp_usrt.o(i.fputc)
    i2cRead                                  0x080043a1   Thumb Code   112  bsp_iic.o(i.i2cRead)
    i2cWrite                                 0x08004411   Thumb Code    90  bsp_iic.o(i.i2cWrite)
    main                                     0x080044e1   Thumb Code    92  main.o(i.main)
    mpu_configure_fifo                       0x08004559   Thumb Code   106  inv_mpu.o(i.mpu_configure_fifo)
    mpu_get_accel_fsr                        0x080045c9   Thumb Code    72  inv_mpu.o(i.mpu_get_accel_fsr)
    mpu_get_accel_sens                       0x08004615   Thumb Code    78  inv_mpu.o(i.mpu_get_accel_sens)
    mpu_get_fifo_config                      0x08004669   Thumb Code    12  inv_mpu.o(i.mpu_get_fifo_config)
    mpu_get_gyro_fsr                         0x08004679   Thumb Code    64  inv_mpu.o(i.mpu_get_gyro_fsr)
    mpu_get_gyro_sens                        0x080046bd   Thumb Code    58  inv_mpu.o(i.mpu_get_gyro_sens)
    mpu_get_lpf                              0x0800470d   Thumb Code    74  inv_mpu.o(i.mpu_get_lpf)
    mpu_get_sample_rate                      0x0800475d   Thumb Code    26  inv_mpu.o(i.mpu_get_sample_rate)
    mpu_init                                 0x0800477d   Thumb Code   416  inv_mpu.o(i.mpu_init)
    mpu_load_firmware                        0x0800496d   Thumb Code   180  inv_mpu.o(i.mpu_load_firmware)
    mpu_lp_accel_mode                        0x08004a25   Thumb Code   218  inv_mpu.o(i.mpu_lp_accel_mode)
    mpu_read_fifo_stream                     0x08004b05   Thumb Code   186  inv_mpu.o(i.mpu_read_fifo_stream)
    mpu_read_mem                             0x08004bc5   Thumb Code   122  inv_mpu.o(i.mpu_read_mem)
    mpu_reset_fifo                           0x08004c45   Thumb Code   438  inv_mpu.o(i.mpu_reset_fifo)
    mpu_run_self_test                        0x08004e01   Thumb Code   278  inv_mpu.o(i.mpu_run_self_test)
    mpu_set_accel_fsr                        0x08004f1d   Thumb Code   126  inv_mpu.o(i.mpu_set_accel_fsr)
    mpu_set_bypass                           0x08004fa1   Thumb Code   328  inv_mpu.o(i.mpu_set_bypass)
    mpu_set_dmp_state                        0x080050ed   Thumb Code   138  inv_mpu.o(i.mpu_set_dmp_state)
    mpu_set_gyro_fsr                         0x0800517d   Thumb Code   132  inv_mpu.o(i.mpu_set_gyro_fsr)
    mpu_set_int_latched                      0x08005205   Thumb Code   102  inv_mpu.o(i.mpu_set_int_latched)
    mpu_set_lpf                              0x08005271   Thumb Code   126  inv_mpu.o(i.mpu_set_lpf)
    mpu_set_sample_rate                      0x080052f5   Thumb Code   152  inv_mpu.o(i.mpu_set_sample_rate)
    mpu_set_sensors                          0x08005391   Thumb Code   202  inv_mpu.o(i.mpu_set_sensors)
    mpu_write_mem                            0x08005461   Thumb Code   122  inv_mpu.o(i.mpu_write_mem)
    myget_ms                                 0x080054e1   Thumb Code     2  inv_mpu.o(i.myget_ms)
    sqrt                                     0x08005631   Thumb Code    76  sqrt.o(i.sqrt)
    hw                                       0x0800567c   Data          12  inv_mpu.o(.constdata)
    reg                                      0x08005688   Data          27  inv_mpu.o(.constdata)
    test                                     0x080056a4   Data          40  inv_mpu.o(.constdata)
    OLED_F8x16                               0x080062c2   Data        1520  oled.o(.constdata)
    __mathlib_zero                           0x080069a0   Data           8  qnan.o(.constdata)
    Region$$Table$$Base                      0x080069f8   Number         0  anon$$obj.o(Region$$Table)
    Region$$Table$$Limit                     0x08006a18   Number         0  anon$$obj.o(Region$$Table)
    main_flag                                0x20000014   Data           1  main.o(.data)
    Angle_Balance                            0x20000018   Data           4  main.o(.data)
    gyro                                     0x20000048   Data           6  mpu6050.o(.data)
    accel                                    0x2000004e   Data           6  mpu6050.o(.data)
    sensors                                  0x20000054   Data           2  mpu6050.o(.data)
    Pitch                                    0x20000058   Data           4  mpu6050.o(.data)
    Roll                                     0x2000005c   Data           4  mpu6050.o(.data)
    Yaw                                      0x20000060   Data           4  mpu6050.o(.data)
    q0                                       0x20000064   Data           4  mpu6050.o(.data)
    q1                                       0x20000068   Data           4  mpu6050.o(.data)
    q2                                       0x2000006c   Data           4  mpu6050.o(.data)
    q3                                       0x20000070   Data           4  mpu6050.o(.data)
    Gx_offset                                0x2000007e   Data           2  mpu6050.o(.data)
    Gy_offset                                0x20000080   Data           2  mpu6050.o(.data)
    Gz_offset                                0x20000082   Data           2  mpu6050.o(.data)
    __stdout                                 0x20000088   Data           4  stdout.o(.data)
    __initial_sp                             0x200004a0   Data           0  startup_stm32f10x_md.o(STACK)



==============================================================================

Memory Map of the image

  Image Entry point : 0x080000ed

  Load Region LR_IROM1 (Base: 0x08000000, Size: 0x00006aa8, Max: 0x00010000, ABSOLUTE)

    Execution Region ER_IROM1 (Base: 0x08000000, Size: 0x00006a18, Max: 0x00010000, ABSOLUTE)

    Base Addr    Size         Type   Attr      Idx    E Section Name        Object

    0x08000000   0x000000ec   Data   RO            3    RESET               startup_stm32f10x_md.o
    0x080000ec   0x00000000   Code   RO         4210  * .ARM.Collect$$$$00000000  mc_w.l(entry.o)
    0x080000ec   0x00000004   Code   RO         4543    .ARM.Collect$$$$00000001  mc_w.l(entry2.o)
    0x080000f0   0x00000004   Code   RO         4546    .ARM.Collect$$$$00000004  mc_w.l(entry5.o)
    0x080000f4   0x00000000   Code   RO         4548    .ARM.Collect$$$$00000008  mc_w.l(entry7b.o)
    0x080000f4   0x00000000   Code   RO         4550    .ARM.Collect$$$$0000000A  mc_w.l(entry8b.o)
    0x080000f4   0x00000008   Code   RO         4551    .ARM.Collect$$$$0000000B  mc_w.l(entry9a.o)
    0x080000fc   0x00000000   Code   RO         4553    .ARM.Collect$$$$0000000D  mc_w.l(entry10a.o)
    0x080000fc   0x00000000   Code   RO         4555    .ARM.Collect$$$$0000000F  mc_w.l(entry11a.o)
    0x080000fc   0x00000004   Code   RO         4544    .ARM.Collect$$$$00002712  mc_w.l(entry2.o)
    0x08000100   0x00000024   Code   RO            4    .text               startup_stm32f10x_md.o
    0x08000124   0x00000062   Code   RO         4213    .text               mc_w.l(ldiv.o)
    0x08000186   0x00000024   Code   RO         4215    .text               mc_w.l(memseta.o)
    0x080001aa   0x0000001a   Code   RO         4217    .text               mc_w.l(memcmp.o)
    0x080001c4   0x000000b0   Code   RO         4480    .text               mf_w.l(fadd.o)
    0x08000274   0x00000064   Code   RO         4482    .text               mf_w.l(fmul.o)
    0x080002d8   0x0000007c   Code   RO         4484    .text               mf_w.l(fdiv.o)
    0x08000354   0x0000014e   Code   RO         4486    .text               mf_w.l(dadd.o)
    0x080004a2   0x000000e4   Code   RO         4488    .text               mf_w.l(dmul.o)
    0x08000586   0x00000012   Code   RO         4490    .text               mf_w.l(fflti.o)
    0x08000598   0x0000000a   Code   RO         4492    .text               mf_w.l(ffltui.o)
    0x080005a2   0x00000032   Code   RO         4494    .text               mf_w.l(ffixi.o)
    0x080005d4   0x00000028   Code   RO         4496    .text               mf_w.l(ffixui.o)
    0x080005fc   0x00000026   Code   RO         4498    .text               mf_w.l(f2d.o)
    0x08000622   0x00000038   Code   RO         4500    .text               mf_w.l(d2f.o)
    0x0800065a   0x00000002   PAD
    0x0800065c   0x00000014   Code   RO         4502    .text               mf_w.l(cfcmple.o)
    0x08000670   0x00000014   Code   RO         4504    .text               mf_w.l(cfrcmple.o)
    0x08000684   0x0000002c   Code   RO         4558    .text               mc_w.l(uidiv.o)
    0x080006b0   0x00000062   Code   RO         4560    .text               mc_w.l(uldiv.o)
    0x08000712   0x0000001e   Code   RO         4562    .text               mc_w.l(llshl.o)
    0x08000730   0x00000024   Code   RO         4564    .text               mc_w.l(llsshr.o)
    0x08000754   0x00000000   Code   RO         4573    .text               mc_w.l(iusefp.o)
    0x08000754   0x0000006e   Code   RO         4574    .text               mf_w.l(fepilogue.o)
    0x080007c2   0x000000ba   Code   RO         4576    .text               mf_w.l(depilogue.o)
    0x0800087c   0x000000de   Code   RO         4578    .text               mf_w.l(ddiv.o)
    0x0800095a   0x0000002e   Code   RO         4580    .text               mf_w.l(dscalb.o)
    0x08000988   0x00000030   Code   RO         4582    .text               mf_w.l(dfixul.o)
    0x080009b8   0x00000030   Code   RO         4584    .text               mf_w.l(cdrcmple.o)
    0x080009e8   0x00000024   Code   RO         4586    .text               mc_w.l(init.o)
    0x08000a0c   0x00000020   Code   RO         4588    .text               mc_w.l(llushr.o)
    0x08000a2c   0x000000a2   Code   RO         4590    .text               mf_w.l(dsqrt.o)
    0x08000ace   0x00000004   Code   RO         3178    i.BusFault_Handler  stm32f10x_it.o
    0x08000ad2   0x00000002   PAD
    0x08000ad4   0x00000080   Code   RO         4094    i.DEBUG_UART_Config  bsp_usrt.o
    0x08000b54   0x00000210   Code   RO         3869    i.DMP_Init          mpu6050.o
    0x08000d64   0x00000002   Code   RO         3179    i.DebugMon_Handler  stm32f10x_it.o
    0x08000d66   0x00000116   Code   RO         1292    i.GPIO_Init         stm32f10x_gpio.o
    0x08000e7c   0x00000012   Code   RO         1296    i.GPIO_ReadInputDataBit  stm32f10x_gpio.o
    0x08000e8e   0x0000000a   Code   RO         1303    i.GPIO_WriteBit     stm32f10x_gpio.o
    0x08000e98   0x00000004   Code   RO         3180    i.HardFault_Handler  stm32f10x_it.o
    0x08000e9c   0x00000046   Code   RO         3761    i.I2C_ReadOneByte   bsp_iic.o
    0x08000ee2   0x00000002   PAD
    0x08000ee4   0x00000038   Code   RO         3762    i.IIC_Ack           bsp_iic.o
    0x08000f1c   0x00000058   Code   RO         3763    i.IIC_Init          bsp_iic.o
    0x08000f74   0x00000034   Code   RO         3764    i.IIC_NAck          bsp_iic.o
    0x08000fa8   0x0000005c   Code   RO         3765    i.IIC_Read_Byte     bsp_iic.o
    0x08001004   0x00000040   Code   RO         3766    i.IIC_Send_Byte     bsp_iic.o
    0x08001044   0x00000034   Code   RO         3767    i.IIC_Start         bsp_iic.o
    0x08001078   0x00000034   Code   RO         3768    i.IIC_Stop          bsp_iic.o
    0x080010ac   0x0000004c   Code   RO         3769    i.IIC_Wait_Ack      bsp_iic.o
    0x080010f8   0x00000016   Code   RO         3770    i.IICreadByte       bsp_iic.o
    0x0800110e   0x00000040   Code   RO         3772    i.IICwriteBit       bsp_iic.o
    0x0800114e   0x0000006a   Code   RO         3773    i.IICwriteBits      bsp_iic.o
    0x080011b8   0x00000014   Code   RO         3774    i.IICwriteByte      bsp_iic.o
    0x080011cc   0x00000046   Code   RO         3775    i.IICwriteBytes     bsp_iic.o
    0x08001212   0x0000002c   Code   RO         3871    i.MPU6050_initialize  mpu6050.o
    0x0800123e   0x00000014   Code   RO         3873    i.MPU6050_setClockSource  mpu6050.o
    0x08001252   0x00000014   Code   RO         3874    i.MPU6050_setFullScaleAccelRange  mpu6050.o
    0x08001266   0x00000014   Code   RO         3875    i.MPU6050_setFullScaleGyroRange  mpu6050.o
    0x0800127a   0x00000012   Code   RO         3876    i.MPU6050_setI2CBypassEnabled  mpu6050.o
    0x0800128c   0x00000012   Code   RO         3877    i.MPU6050_setI2CMasterModeEnabled  mpu6050.o
    0x0800129e   0x00000012   Code   RO         3878    i.MPU6050_setSleepEnabled  mpu6050.o
    0x080012b0   0x00000004   Code   RO         3181    i.MemManage_Handler  stm32f10x_it.o
    0x080012b4   0x00000002   Code   RO         3182    i.NMI_Handler       stm32f10x_it.o
    0x080012b6   0x00000002   PAD
    0x080012b8   0x00000070   Code   RO          137    i.NVIC_Init         misc.o
    0x08001328   0x00000014   Code   RO          138    i.NVIC_PriorityGroupConfig  misc.o
    0x0800133c   0x0000002a   Code   RO         3980    i.OLED_Clear        oled.o
    0x08001366   0x00000002   PAD
    0x08001368   0x00000050   Code   RO         3981    i.OLED_I2C_Init     oled.o
    0x080013b8   0x00000054   Code   RO         3982    i.OLED_I2C_SendByte  oled.o
    0x0800140c   0x00000034   Code   RO         3983    i.OLED_I2C_Start    oled.o
    0x08001440   0x00000028   Code   RO         3984    i.OLED_I2C_Stop     oled.o
    0x08001468   0x000000ae   Code   RO         3985    i.OLED_Init         oled.o
    0x08001516   0x00000022   Code   RO         3987    i.OLED_SetCursor    oled.o
    0x08001538   0x00000074   Code   RO         3989    i.OLED_ShowChar     oled.o
    0x080015ac   0x00000028   Code   RO         3993    i.OLED_ShowString   oled.o
    0x080015d4   0x00000034   Code   RO         3994    i.OLED_Showfloat    oled.o
    0x08001608   0x00000020   Code   RO         3995    i.OLED_WriteCommand  oled.o
    0x08001628   0x00000020   Code   RO         3996    i.OLED_WriteData    oled.o
    0x08001648   0x00000034   Code   RO         4118    i.PWM_GPIO_Config   bsp_pwm.o
    0x0800167c   0x0000000c   Code   RO         4119    i.PWM_Init          bsp_pwm.o
    0x08001688   0x00000068   Code   RO         4120    i.PWM_Mode_Config   bsp_pwm.o
    0x080016f0   0x00000014   Code   RO         4121    i.PWM_SetCompare1   bsp_pwm.o
    0x08001704   0x00000014   Code   RO         4122    i.PWM_SetCompare2   bsp_pwm.o
    0x08001718   0x00000002   Code   RO         3183    i.PendSV_Handler    stm32f10x_it.o
    0x0800171a   0x00000002   PAD
    0x0800171c   0x00000020   Code   RO         1708    i.RCC_APB1PeriphClockCmd  stm32f10x_rcc.o
    0x0800173c   0x00000020   Code   RO         1710    i.RCC_APB2PeriphClockCmd  stm32f10x_rcc.o
    0x0800175c   0x000000d4   Code   RO         1718    i.RCC_GetClocksFreq  stm32f10x_rcc.o
    0x08001830   0x00000210   Code   RO         3880    i.Read_DMP          mpu6050.o
    0x08001a40   0x00000002   Code   RO         3184    i.SVC_Handler       stm32f10x_it.o
    0x08001a42   0x00000014   Code   RO         4154    i.Servo_Init        bsp_servo.o
    0x08001a56   0x00000002   PAD
    0x08001a58   0x0000003c   Code   RO         4155    i.Servo_SetAngle1   bsp_servo.o
    0x08001a94   0x0000003c   Code   RO         4156    i.Servo_SetAngle2   bsp_servo.o
    0x08001ad0   0x00000008   Code   RO           24    i.SetSysClock       system_stm32f10x.o
    0x08001ad8   0x000000e0   Code   RO           25    i.SetSysClockTo72   system_stm32f10x.o
    0x08001bb8   0x00000002   Code   RO         3185    i.SysTick_Handler   stm32f10x_it.o
    0x08001bba   0x00000002   PAD
    0x08001bbc   0x00000060   Code   RO           27    i.SystemInit        system_stm32f10x.o
    0x08001c1c   0x00000044   Code   RO         4157    i.TIM2_IRQHandler   bsp_servo.o
    0x08001c60   0x00000006   Code   RO         2336    i.TIM_ClearFlag     stm32f10x_tim.o
    0x08001c66   0x00000006   Code   RO         2337    i.TIM_ClearITPendingBit  stm32f10x_tim.o
    0x08001c6c   0x00000018   Code   RO         2342    i.TIM_Cmd           stm32f10x_tim.o
    0x08001c84   0x00000022   Code   RO         2363    i.TIM_GetITStatus   stm32f10x_tim.o
    0x08001ca6   0x00000012   Code   RO         2367    i.TIM_ITConfig      stm32f10x_tim.o
    0x08001cb8   0x00000098   Code   RO         2371    i.TIM_OC1Init       stm32f10x_tim.o
    0x08001d50   0x000000a4   Code   RO         2376    i.TIM_OC2Init       stm32f10x_tim.o
    0x08001df4   0x00000004   Code   RO         2403    i.TIM_SetCompare1   stm32f10x_tim.o
    0x08001df8   0x00000004   Code   RO         2404    i.TIM_SetCompare2   stm32f10x_tim.o
    0x08001dfc   0x000000a4   Code   RO         2413    i.TIM_TimeBaseInit  stm32f10x_tim.o
    0x08001ea0   0x00000070   Code   RO         4158    i.TIMx_Mode_Config  bsp_servo.o
    0x08001f10   0x00000018   Code   RO         2878    i.USART_Cmd         stm32f10x_usart.o
    0x08001f28   0x0000001a   Code   RO         2881    i.USART_GetFlagStatus  stm32f10x_usart.o
    0x08001f42   0x00000002   PAD
    0x08001f44   0x000000d8   Code   RO         2885    i.USART_Init        stm32f10x_usart.o
    0x0800201c   0x00000008   Code   RO         2895    i.USART_SendData    stm32f10x_usart.o
    0x08002024   0x00000004   Code   RO         3186    i.UsageFault_Handler  stm32f10x_it.o
    0x08002028   0x00000020   Code   RO         4452    i.__0printf         mc_w.l(printfa.o)
    0x08002048   0x00000028   Code   RO         4454    i.__0sprintf        mc_w.l(printfa.o)
    0x08002070   0x00000028   Code   RO         4530    i.__ARM_fpclassify  m_ws.l(fpclassify.o)
    0x08002098   0x000000aa   Code   RO         4532    i.__kernel_poly     m_ws.l(poly.o)
    0x08002142   0x00000006   Code   RO         4517    i.__mathlib_dbl_infnan  m_ws.l(dunder.o)
    0x08002148   0x00000004   Code   RO         4518    i.__mathlib_dbl_infnan2  m_ws.l(dunder.o)
    0x0800214c   0x0000000c   Code   RO         4519    i.__mathlib_dbl_invalid  m_ws.l(dunder.o)
    0x08002158   0x00000010   Code   RO         4522    i.__mathlib_dbl_underflow  m_ws.l(dunder.o)
    0x08002168   0x0000000e   Code   RO         4596    i.__scatterload_copy  mc_w.l(handlers.o)
    0x08002176   0x00000002   Code   RO         4597    i.__scatterload_null  mc_w.l(handlers.o)
    0x08002178   0x0000000e   Code   RO         4598    i.__scatterload_zeroinit  mc_w.l(handlers.o)
    0x08002186   0x00000002   PAD
    0x08002188   0x0000000c   Code   RO         4568    i.__set_errno       mc_w.l(errno.o)
    0x08002194   0x00000164   Code   RO         4459    i._fp_digits        mc_w.l(printfa.o)
    0x080022f8   0x000006dc   Code   RO         4460    i._printf_core      mc_w.l(printfa.o)
    0x080029d4   0x00000024   Code   RO         4461    i._printf_post_padding  mc_w.l(printfa.o)
    0x080029f8   0x0000002e   Code   RO         4462    i._printf_pre_padding  mc_w.l(printfa.o)
    0x08002a26   0x0000000a   Code   RO         4464    i._sputc            mc_w.l(printfa.o)
    0x08002a30   0x000000a8   Code   RO         3265    i.accel_self_test   inv_mpu.o
    0x08002ad8   0x00000270   Code   RO         4193    i.asin              m_ws.l(asin.o)
    0x08002d48   0x00000220   Code   RO         4507    i.atan              m_ws.l(atan.o)
    0x08002f68   0x00000180   Code   RO         4203    i.atan2             m_ws.l(atan2.o)
    0x080030e8   0x00000064   Code   RO         3557    i.decode_gesture    inv_mpu_dmp_motion_driver.o
    0x0800314c   0x00000018   Code   RO         3241    i.delay_ms          bsp_delay.o
    0x08003164   0x0000002e   Code   RO         3243    i.delay_us          bsp_delay.o
    0x08003192   0x0000003c   Code   RO         3558    i.dmp_enable_6x_lp_quat  inv_mpu_dmp_motion_driver.o
    0x080031ce   0x00000002   PAD
    0x080031d0   0x0000021c   Code   RO         3559    i.dmp_enable_feature  inv_mpu_dmp_motion_driver.o
    0x080033ec   0x00000058   Code   RO         3560    i.dmp_enable_gyro_cal  inv_mpu_dmp_motion_driver.o
    0x08003444   0x0000003c   Code   RO         3561    i.dmp_enable_lp_quat  inv_mpu_dmp_motion_driver.o
    0x08003480   0x00000018   Code   RO         3566    i.dmp_load_motion_driver_firmware  inv_mpu_dmp_motion_driver.o
    0x08003498   0x000001cc   Code   RO         3567    i.dmp_read_fifo     inv_mpu_dmp_motion_driver.o
    0x08003664   0x00000130   Code   RO         3570    i.dmp_set_accel_bias  inv_mpu_dmp_motion_driver.o
    0x08003794   0x00000070   Code   RO         3571    i.dmp_set_fifo_rate  inv_mpu_dmp_motion_driver.o
    0x08003804   0x00000130   Code   RO         3572    i.dmp_set_gyro_bias  inv_mpu_dmp_motion_driver.o
    0x08003934   0x00000138   Code   RO         3574    i.dmp_set_orientation  inv_mpu_dmp_motion_driver.o
    0x08003a6c   0x00000038   Code   RO         3577    i.dmp_set_shake_reject_thresh  inv_mpu_dmp_motion_driver.o
    0x08003aa4   0x00000026   Code   RO         3578    i.dmp_set_shake_reject_time  inv_mpu_dmp_motion_driver.o
    0x08003aca   0x00000026   Code   RO         3579    i.dmp_set_shake_reject_timeout  inv_mpu_dmp_motion_driver.o
    0x08003af0   0x00000046   Code   RO         3580    i.dmp_set_tap_axes  inv_mpu_dmp_motion_driver.o
    0x08003b36   0x00000026   Code   RO         3581    i.dmp_set_tap_count  inv_mpu_dmp_motion_driver.o
    0x08003b5c   0x000001a0   Code   RO         3582    i.dmp_set_tap_thresh  inv_mpu_dmp_motion_driver.o
    0x08003cfc   0x00000026   Code   RO         3583    i.dmp_set_tap_time  inv_mpu_dmp_motion_driver.o
    0x08003d22   0x00000026   Code   RO         3584    i.dmp_set_tap_time_multi  inv_mpu_dmp_motion_driver.o
    0x08003d48   0x00000024   Code   RO         4096    i.fputc             bsp_usrt.o
    0x08003d6c   0x000000b4   Code   RO         3266    i.get_accel_prod_shift  inv_mpu.o
    0x08003e20   0x00000470   Code   RO         3267    i.get_st_biases     inv_mpu.o
    0x08004290   0x00000110   Code   RO         3268    i.gyro_self_test    inv_mpu.o
    0x080043a0   0x00000070   Code   RO         3776    i.i2cRead           bsp_iic.o
    0x08004410   0x0000005a   Code   RO         3777    i.i2cWrite          bsp_iic.o
    0x0800446a   0x00000028   Code   RO         3882    i.inv_orientation_matrix_to_scalar  mpu6050.o
    0x08004492   0x0000004e   Code   RO         3883    i.inv_row_2_scale   mpu6050.o
    0x080044e0   0x00000078   Code   RO         3108    i.main              main.o
    0x08004558   0x00000070   Code   RO         3269    i.mpu_configure_fifo  inv_mpu.o
    0x080045c8   0x0000004c   Code   RO         3270    i.mpu_get_accel_fsr  inv_mpu.o
    0x08004614   0x00000054   Code   RO         3272    i.mpu_get_accel_sens  inv_mpu.o
    0x08004668   0x00000010   Code   RO         3277    i.mpu_get_fifo_config  inv_mpu.o
    0x08004678   0x00000044   Code   RO         3278    i.mpu_get_gyro_fsr  inv_mpu.o
    0x080046bc   0x00000050   Code   RO         3280    i.mpu_get_gyro_sens  inv_mpu.o
    0x0800470c   0x00000050   Code   RO         3282    i.mpu_get_lpf       inv_mpu.o
    0x0800475c   0x00000020   Code   RO         3284    i.mpu_get_sample_rate  inv_mpu.o
    0x0800477c   0x000001f0   Code   RO         3286    i.mpu_init          inv_mpu.o
    0x0800496c   0x000000b8   Code   RO         3287    i.mpu_load_firmware  inv_mpu.o
    0x08004a24   0x000000e0   Code   RO         3288    i.mpu_lp_accel_mode  inv_mpu.o
    0x08004b04   0x000000c0   Code   RO         3291    i.mpu_read_fifo_stream  inv_mpu.o
    0x08004bc4   0x00000080   Code   RO         3292    i.mpu_read_mem      inv_mpu.o
    0x08004c44   0x000001bc   Code   RO         3295    i.mpu_reset_fifo    inv_mpu.o
    0x08004e00   0x0000011c   Code   RO         3296    i.mpu_run_self_test  inv_mpu.o
    0x08004f1c   0x00000084   Code   RO         3298    i.mpu_set_accel_fsr  inv_mpu.o
    0x08004fa0   0x0000014c   Code   RO         3299    i.mpu_set_bypass    inv_mpu.o
    0x080050ec   0x00000090   Code   RO         3301    i.mpu_set_dmp_state  inv_mpu.o
    0x0800517c   0x00000088   Code   RO         3302    i.mpu_set_gyro_fsr  inv_mpu.o
    0x08005204   0x0000006c   Code   RO         3303    i.mpu_set_int_latched  inv_mpu.o
    0x08005270   0x00000084   Code   RO         3305    i.mpu_set_lpf       inv_mpu.o
    0x080052f4   0x0000009c   Code   RO         3306    i.mpu_set_sample_rate  inv_mpu.o
    0x08005390   0x000000d0   Code   RO         3307    i.mpu_set_sensors   inv_mpu.o
    0x08005460   0x00000080   Code   RO         3308    i.mpu_write_mem     inv_mpu.o
    0x080054e0   0x00000002   Code   RO         3309    i.myget_ms          inv_mpu.o
    0x080054e2   0x00000002   PAD
    0x080054e4   0x000000bc   Code   RO         3884    i.run_self_test     mpu6050.o
    0x080055a0   0x00000090   Code   RO         3310    i.set_int_enable    inv_mpu.o
    0x08005630   0x0000004c   Code   RO         4536    i.sqrt              m_ws.l(sqrt.o)
    0x0800567c   0x00000050   Data   RO         3311    .constdata          inv_mpu.o
    0x080056cc   0x00000bf6   Data   RO         3586    .constdata          inv_mpu_dmp_motion_driver.o
    0x080062c2   0x000005f0   Data   RO         3997    .constdata          oled.o
    0x080068b2   0x00000006   PAD
    0x080068b8   0x00000050   Data   RO         4194    .constdata          m_ws.l(asin.o)
    0x08006908   0x00000098   Data   RO         4508    .constdata          m_ws.l(atan.o)
    0x080069a0   0x00000008   Data   RO         4534    .constdata          m_ws.l(qnan.o)
    0x080069a8   0x0000004e   Data   RO         3312    .conststring        inv_mpu.o
    0x080069f6   0x00000002   PAD
    0x080069f8   0x00000020   Data   RO         4594    Region$$Table       anon$$obj.o


    Execution Region RW_IRAM1 (Base: 0x20000000, Size: 0x000004a0, Max: 0x00005000, ABSOLUTE)

    Base Addr    Size         Type   Attr      Idx    E Section Name        Object

    0x20000000   0x00000014   Data   RW         1738    .data               stm32f10x_rcc.o
    0x20000014   0x00000008   Data   RW         3109    .data               main.o
    0x2000001c   0x0000002c   Data   RW         3313    .data               inv_mpu.o
    0x20000048   0x0000003c   Data   RW         3886    .data               mpu6050.o
    0x20000084   0x00000001   Data   RW         4159    .data               bsp_servo.o
    0x20000085   0x00000003   PAD
    0x20000088   0x00000004   Data   RW         4557    .data               mc_w.l(stdout.o)
    0x2000008c   0x00000004   Data   RW         4569    .data               mc_w.l(errno.o)
    0x20000090   0x00000010   Zero   RW         3585    .bss                inv_mpu_dmp_motion_driver.o
    0x200000a0   0x00000400   Zero   RW            1    STACK               startup_stm32f10x_md.o


==============================================================================

Image component sizes


      Code (inc. data)   RO Data    RW Data    ZI Data      Debug   Object Name

        70          0          0          0          0       1038   bsp_delay.o
      1086         40          0          0          0      10319   bsp_iic.o
       208         24          0          0          0       2699   bsp_pwm.o
       320         32          0          1          0       2754   bsp_servo.o
       164         12          0          0          0       1244   bsp_usrt.o
         0          0          0          0          0       4536   core_cm3.o
      5878        280        158         44          0      26786   inv_mpu.o
      3096        122       3062          0         16      20450   inv_mpu_dmp_motion_driver.o
       120         28          0          8          0       2077   main.o
       132         22          0          0          0       1755   misc.o
      1520        428          0         60          0      23804   mpu6050.o
       778         30       1520          0          0       7524   oled.o
        36          8        236          0       1024        884   startup_stm32f10x_md.o
       306          0          0          0          0       3432   stm32f10x_gpio.o
        26          0          0          0          0       4090   stm32f10x_it.o
       276         32          0         20          0       4770   stm32f10x_rcc.o
       576         72          0          0          0       7350   stm32f10x_tim.o
       274          6          0          0          0       4340   stm32f10x_usart.o
       328         28          0          0          0     249429   system_stm32f10x.o

    ----------------------------------------------------------------------
     15214       1164       5016        136       1040     379281   Object Totals
         0          0         32          0          0          0   (incl. Generated)
        20          0          8          3          0          0   (incl. Padding)

    ----------------------------------------------------------------------

      Code (inc. data)   RO Data    RW Data    ZI Data      Debug   Library Member Name

       624         52         80          0          0        168   asin.o
       544         70        152          0          0        124   atan.o
       384         38          0          0          0        144   atan2.o
        38          6          0          0          0        272   dunder.o
        40          0          0          0          0         68   fpclassify.o
       170          0          0          0          0         96   poly.o
         0          0          8          0          0          0   qnan.o
        76          0          0          0          0         84   sqrt.o
         0          0          0          0          0          0   entry.o
         0          0          0          0          0          0   entry10a.o
         0          0          0          0          0          0   entry11a.o
         8          4          0          0          0          0   entry2.o
         4          0          0          0          0          0   entry5.o
         0          0          0          0          0          0   entry7b.o
         0          0          0          0          0          0   entry8b.o
         8          4          0          0          0          0   entry9a.o
        12          6          0          4          0         68   errno.o
        30          0          0          0          0          0   handlers.o
        36          8          0          0          0         68   init.o
         0          0          0          0          0          0   iusefp.o
        98          0          0          0          0         84   ldiv.o
        30          0          0          0          0         68   llshl.o
        36          0          0          0          0         68   llsshr.o
        32          0          0          0          0         68   llushr.o
        26          0          0          0          0         80   memcmp.o
        36          0          0          0          0        108   memseta.o
      2276         96          0          0          0        596   printfa.o
         0          0          0          4          0          0   stdout.o
        44          0          0          0          0         80   uidiv.o
        98          0          0          0          0         92   uldiv.o
        48          0          0          0          0         68   cdrcmple.o
        20          0          0          0          0         68   cfcmple.o
        20          0          0          0          0         68   cfrcmple.o
        56          0          0          0          0         88   d2f.o
       334          0          0          0          0        148   dadd.o
       222          0          0          0          0        100   ddiv.o
       186          0          0          0          0        176   depilogue.o
        48          0          0          0          0         68   dfixul.o
       228          0          0          0          0         96   dmul.o
        46          0          0          0          0         80   dscalb.o
       162          0          0          0          0        100   dsqrt.o
        38          0          0          0          0         68   f2d.o
       176          0          0          0          0        140   fadd.o
       124          0          0          0          0         88   fdiv.o
       110          0          0          0          0        168   fepilogue.o
        50          0          0          0          0         68   ffixi.o
        40          0          0          0          0         68   ffixui.o
        18          0          0          0          0         68   fflti.o
        10          0          0          0          0         68   ffltui.o
       100          0          0          0          0         76   fmul.o

    ----------------------------------------------------------------------
      6690        284        240          8          0       4208   Library Totals
         4          0          0          0          0          0   (incl. Padding)

    ----------------------------------------------------------------------

      Code (inc. data)   RO Data    RW Data    ZI Data      Debug   Library Name

      1876        166        240          0          0        956   m_ws.l
      2774        118          0          8          0       1380   mc_w.l
      2036          0          0          0          0       1872   mf_w.l

    ----------------------------------------------------------------------
      6690        284        240          8          0       4208   Library Totals

    ----------------------------------------------------------------------

==============================================================================


      Code (inc. data)   RO Data    RW Data    ZI Data      Debug   

     21904       1448       5256        144       1040     374385   Grand Totals
     21904       1448       5256        144       1040     374385   ELF Image Totals
     21904       1448       5256        144          0          0   ROM Totals

==============================================================================

    Total RO  Size (Code + RO Data)                27160 (  26.52kB)
    Total RW  Size (RW Data + ZI Data)              1184 (   1.16kB)
    Total ROM Size (Code + RO Data + RW Data)      27304 (  26.66kB)

==============================================================================

