<html>
<body>
<pre>
<h1>礦ision Build Log</h1>
<h2>Tool Versions:</h2>
IDE-Version: μVision V5.14.0.0
Copyright (C) 2015 ARM Ltd and ARM Germany GmbH. All rights reserved.
License Information:  ,  , LIC=VGXG8-386PT-MMA9I-TDS22-TK5D8-ETBFD
 
Tool Versions:
Toolchain:       MDK-ARM Standard  Version: 5.14.0.0
Toolchain Path:  C:\Software\STM32_soft\Keil\ARM\ARMCC\Bin
C Compiler:      Armcc.exe V5.05 update 1 (build 106)
Assembler:       Armasm.exe V5.05 update 1 (build 106)
Linker/Locator:  ArmLink.exe V5.05 update 1 (build 106)
Library Manager: ArmAr.exe V5.05 update 1 (build 106)
Hex Converter:   FromElf.exe V5.05 update 1 (build 106)
CPU DLL:         SARMCM3.DLL V5.14.0.0
Dialog DLL:      DCM.DLL V1.13.1.0
Target DLL:      STLink\ST-LINKIII-KEIL_SWO.dll V2.0.14.0_KEIL
Dialog DLL:      TCM.DLL V1.14.4.0
 
<h2>Project:</h2>
c:\Project\单片机_Project\STM32_Project\SG90_稳定平台\sg90_稳定平台V1.0\Project\Project.uvprojx
Project File Date:  10/20/2023

<h2>Output:</h2>
Build target 'Target 1'
compiling main.c...
compiling inv_mpu.c...
compiling inv_mpu_dmp_motion_driver.c...
compiling bsp_filter.c...
compiling bsp_iic.c...
compiling mpu6050.c...
compiling bsp_usrt.c...
compiling bsp_pwm.c...
compiling bsp_servo.c...
linking...
Program Size: Code=21904 RO-data=5256 RW-data=144 ZI-data=1040  
FromELF: creating hex file...
"..\Output\Project.axf" - 0 Error(s), 0 Warning(s).

<h2>Collection of Component include folders:</h2>
  c:\Project\单片机_Project\STM32_Project\SG90_稳定平台\sg90_稳定平台V1.0\Project\RTE
  C:\Software\STM32_soft\Keil\Keil\STM32F1xx_DFP\1.1.0\Device\Include

<h2>Collection of Component Files used:</h2>
</pre>
</body>
</html>
